\BOOKMARK [1][-]{section.1}{Credits}{}% 1
\BOOKMARK [1][-]{section.2}{Introduction}{}% 2
\BOOKMARK [1][-]{section.3}{Electronically-available resources}{}% 3
\BOOKMARK [1][-]{section.4}{Length of Submission}{}% 4
\BOOKMARK [1][-]{section.5}{Anonymity}{}% 5
\BOOKMARK [1][-]{section.6}{Multiple Submission Policy}{}% 6
\BOOKMARK [1][-]{section.7}{Formatting Instructions}{}% 7
\BOOKMARK [2][-]{subsection.7.1}{File Format}{section.7}% 8
\BOOKMARK [2][-]{subsection.7.2}{Layout}{section.7}% 9
\BOOKMARK [2][-]{subsection.7.3}{Fonts}{section.7}% 10
\BOOKMARK [2][-]{subsection.7.4}{Ruler}{section.7}% 11
\BOOKMARK [2][-]{subsection.7.5}{Title and Authors}{section.7}% 12
\BOOKMARK [2][-]{subsection.7.6}{Abstract}{section.7}% 13
\BOOKMARK [2][-]{subsection.7.7}{Text}{section.7}% 14
\BOOKMARK [2][-]{subsection.7.8}{Sections}{section.7}% 15
\BOOKMARK [2][-]{subsection.7.9}{Footnotes}{section.7}% 16
\BOOKMARK [2][-]{subsection.7.10}{Graphics}{section.7}% 17
\BOOKMARK [2][-]{subsection.7.11}{Hyperlinks}{section.7}% 18
\BOOKMARK [2][-]{subsection.7.12}{Citations}{section.7}% 19
\BOOKMARK [2][-]{subsection.7.13}{References}{section.7}% 20
\BOOKMARK [2][-]{subsection.7.14}{Digital Object Identifiers}{section.7}% 21
\BOOKMARK [2][-]{subsection.7.15}{Appendices}{section.7}% 22
\BOOKMARK [1][-]{section.8}{Accessibility}{}% 23
\BOOKMARK [1][-]{section.9}{Translation of non-English Terms}{}% 24
\BOOKMARK [1][-]{section.10}{LaTeX Compilation Issues}{}% 25
\BOOKMARK [1][-]{appendix.A}{Appendices}{}% 26
\BOOKMARK [1][-]{appendix.B}{Supplemental Material}{}% 27
