2025-11-25 19:45:50.501 | INFO     | __main__:main:301 - Starting feature ablation analysis
2025-11-25 19:45:50.501 | INFO     | __main__:main:310 - Loading word embedding model...
2025-11-25 19:46:43.760 | SUCCESS  | __main__:main:312 - Word embedding model loaded successfully
2025-11-25 19:46:43.761 | INFO     | __main__:run_feature_ablation_experiment:122 - Starting feature ablation experiments
2025-11-25 19:46:43.761 | INFO     | __main__:run_feature_ablation_experiment:213 - 
Testing feature combination: all_features
2025-11-25 19:46:43.761 | INFO     | __main__:run_feature_ablation_experiment:223 - Extracting training features...
2025-11-25 19:46:43.761 | INFO     | __main__:extract_combined_features:36 - Starting feature extraction from ./data/conll2003/conll2003.train.conll
2025-11-25 19:46:43.761 | INFO     | __main__:extract_combined_features:37 - Active features: {'embeddings': True, 'token': True, 'pos': True, 'case': True, 'digits': True, 'position': True, 'prev_pos': True}
2025-11-25 19:46:43.762 | INFO     | __main__:extract_combined_features:58 - Reading and processing file...
2025-11-25 19:46:43.973 | INFO     | __main__:extract_combined_features:97 - Processed 10000 tokens...
2025-11-25 19:46:44.143 | INFO     | __main__:extract_combined_features:97 - Processed 20000 tokens...
2025-11-25 19:46:44.341 | INFO     | __main__:extract_combined_features:97 - Processed 30000 tokens...
2025-11-25 19:46:44.507 | INFO     | __main__:extract_combined_features:97 - Processed 40000 tokens...
2025-11-25 19:46:44.672 | INFO     | __main__:extract_combined_features:97 - Processed 50000 tokens...
2025-11-25 19:46:44.837 | INFO     | __main__:extract_combined_features:97 - Processed 60000 tokens...
2025-11-25 19:46:45.001 | INFO     | __main__:extract_combined_features:97 - Processed 70000 tokens...
2025-11-25 19:46:45.173 | INFO     | __main__:extract_combined_features:97 - Processed 80000 tokens...
2025-11-25 19:46:45.348 | INFO     | __main__:extract_combined_features:97 - Processed 90000 tokens...
2025-11-25 19:46:45.518 | INFO     | __main__:extract_combined_features:97 - Processed 100000 tokens...
2025-11-25 19:46:45.694 | INFO     | __main__:extract_combined_features:97 - Processed 110000 tokens...
2025-11-25 19:46:45.885 | INFO     | __main__:extract_combined_features:97 - Processed 120000 tokens...
2025-11-25 19:46:46.051 | INFO     | __main__:extract_combined_features:97 - Processed 130000 tokens...
2025-11-25 19:46:46.339 | INFO     | __main__:extract_combined_features:97 - Processed 140000 tokens...
2025-11-25 19:46:46.494 | INFO     | __main__:extract_combined_features:97 - Processed 150000 tokens...
2025-11-25 19:46:46.664 | INFO     | __main__:extract_combined_features:97 - Processed 160000 tokens...
2025-11-25 19:46:46.857 | INFO     | __main__:extract_combined_features:97 - Processed 170000 tokens...
2025-11-25 19:46:47.051 | INFO     | __main__:extract_combined_features:97 - Processed 180000 tokens...
2025-11-25 19:46:47.231 | INFO     | __main__:extract_combined_features:97 - Processed 190000 tokens...
2025-11-25 19:46:47.421 | INFO     | __main__:extract_combined_features:97 - Processed 200000 tokens...
2025-11-25 19:46:47.483 | INFO     | __main__:extract_combined_features:102 - Vectorizing traditional features...
2025-11-25 19:46:49.298 | INFO     | __main__:extract_combined_features:108 - Combining traditional features with word embeddings...
2025-11-25 19:46:56.282 | INFO     | __main__:extract_combined_features:115 - Feature extraction completed. Feature matrix shape: (203621, 24018)
2025-11-25 19:46:56.353 | INFO     | __main__:run_feature_ablation_experiment:230 - Extracting development features...
2025-11-25 19:46:56.354 | INFO     | __main__:extract_combined_features:36 - Starting feature extraction from ./data/conll2003/conll2003.dev.conll
2025-11-25 19:46:56.354 | INFO     | __main__:extract_combined_features:37 - Active features: {'embeddings': True, 'token': True, 'pos': True, 'case': True, 'digits': True, 'position': True, 'prev_pos': True}
2025-11-25 19:46:56.354 | INFO     | __main__:extract_combined_features:58 - Reading and processing file...
2025-11-25 19:46:56.577 | INFO     | __main__:extract_combined_features:97 - Processed 10000 tokens...
2025-11-25 19:46:56.773 | INFO     | __main__:extract_combined_features:97 - Processed 20000 tokens...
2025-11-25 19:46:57.008 | INFO     | __main__:extract_combined_features:97 - Processed 30000 tokens...
2025-11-25 19:46:57.221 | INFO     | __main__:extract_combined_features:97 - Processed 40000 tokens...
2025-11-25 19:46:57.423 | INFO     | __main__:extract_combined_features:97 - Processed 50000 tokens...
2025-11-25 19:46:57.446 | INFO     | __main__:extract_combined_features:102 - Vectorizing traditional features...
2025-11-25 19:46:57.872 | INFO     | __main__:extract_combined_features:108 - Combining traditional features with word embeddings...
2025-11-25 19:46:59.537 | INFO     | __main__:extract_combined_features:115 - Feature extraction completed. Feature matrix shape: (51362, 10361)
2025-11-25 19:46:59.548 | INFO     | __main__:run_feature_ablation_experiment:241 - Training SVM model...
2025-11-25 19:53:38.048 | INFO     | __main__:run_feature_ablation_experiment:246 - Making predictions...
