2025-11-27 18:34:20.810 | INFO     | __main__:main:298 - Starting feature ablation analysis
2025-11-27 18:34:20.811 | INFO     | __main__:main:307 - Loading word embedding model...
2025-11-27 18:35:14.665 | SUCCESS  | __main__:main:309 - Word embedding model loaded successfully
2025-11-27 18:35:14.666 | INFO     | __main__:run_feature_ablation_experiment:131 - Starting feature ablation experiments
2025-11-27 18:35:14.666 | INFO     | __main__:run_feature_ablation_experiment:209 - 
Testing feature combination: embeddings_token_prev_pos_case
2025-11-27 18:35:14.666 | INFO     | __main__:run_feature_ablation_experiment:219 - Extracting training features...
2025-11-27 18:35:14.666 | INFO     | __main__:extract_combined_features:42 - Starting feature extraction from ./data/conll2003/conll2003.train.conll
2025-11-27 18:35:14.666 | INFO     | __main__:extract_combined_features:43 - Active features: {'embeddings': True, 'token': True, 'pos': False, 'case': True, 'digits': False, 'position': False, 'prev_pos': True}
2025-11-27 18:35:14.666 | INFO     | __main__:extract_combined_features:64 - Reading and processing file...
2025-11-27 18:35:14.759 | INFO     | __main__:extract_combined_features:103 - Processed 10000 tokens...
2025-11-27 18:35:14.827 | INFO     | __main__:extract_combined_features:103 - Processed 20000 tokens...
2025-11-27 18:35:14.887 | INFO     | __main__:extract_combined_features:103 - Processed 30000 tokens...
2025-11-27 18:35:14.949 | INFO     | __main__:extract_combined_features:103 - Processed 40000 tokens...
2025-11-27 18:35:15.011 | INFO     | __main__:extract_combined_features:103 - Processed 50000 tokens...
2025-11-27 18:35:15.074 | INFO     | __main__:extract_combined_features:103 - Processed 60000 tokens...
2025-11-27 18:35:15.135 | INFO     | __main__:extract_combined_features:103 - Processed 70000 tokens...
2025-11-27 18:35:15.197 | INFO     | __main__:extract_combined_features:103 - Processed 80000 tokens...
2025-11-27 18:35:15.260 | INFO     | __main__:extract_combined_features:103 - Processed 90000 tokens...
2025-11-27 18:35:15.355 | INFO     | __main__:extract_combined_features:103 - Processed 100000 tokens...
2025-11-27 18:35:15.417 | INFO     | __main__:extract_combined_features:103 - Processed 110000 tokens...
2025-11-27 18:35:15.485 | INFO     | __main__:extract_combined_features:103 - Processed 120000 tokens...
2025-11-27 18:35:15.543 | INFO     | __main__:extract_combined_features:103 - Processed 130000 tokens...
2025-11-27 18:35:15.729 | INFO     | __main__:extract_combined_features:103 - Processed 140000 tokens...
2025-11-27 18:35:15.791 | INFO     | __main__:extract_combined_features:103 - Processed 150000 tokens...
2025-11-27 18:35:15.853 | INFO     | __main__:extract_combined_features:103 - Processed 160000 tokens...
2025-11-27 18:35:15.914 | INFO     | __main__:extract_combined_features:103 - Processed 170000 tokens...
2025-11-27 18:35:15.977 | INFO     | __main__:extract_combined_features:103 - Processed 180000 tokens...
2025-11-27 18:35:16.039 | INFO     | __main__:extract_combined_features:103 - Processed 190000 tokens...
2025-11-27 18:35:16.101 | INFO     | __main__:extract_combined_features:103 - Processed 200000 tokens...
2025-11-27 18:35:16.125 | INFO     | __main__:extract_combined_features:108 - Vectorizing traditional features...
2025-11-27 18:35:16.988 | INFO     | __main__:extract_combined_features:117 - Combining traditional features with word embeddings...
2025-11-27 18:35:22.121 | INFO     | __main__:extract_combined_features:124 - Feature extraction completed. Feature matrix shape: (203621, 23971)
2025-11-27 18:35:22.176 | INFO     | __main__:run_feature_ablation_experiment:226 - Extracting development features...
2025-11-27 18:35:22.176 | INFO     | __main__:extract_combined_features:42 - Starting feature extraction from ./data/conll2003/conll2003.dev.conll
2025-11-27 18:35:22.176 | INFO     | __main__:extract_combined_features:43 - Active features: {'embeddings': True, 'token': True, 'pos': False, 'case': True, 'digits': False, 'position': False, 'prev_pos': True}
2025-11-27 18:35:22.176 | INFO     | __main__:extract_combined_features:64 - Reading and processing file...
2025-11-27 18:35:22.240 | INFO     | __main__:extract_combined_features:103 - Processed 10000 tokens...
2025-11-27 18:35:22.300 | INFO     | __main__:extract_combined_features:103 - Processed 20000 tokens...
2025-11-27 18:35:22.358 | INFO     | __main__:extract_combined_features:103 - Processed 30000 tokens...
2025-11-27 18:35:22.417 | INFO     | __main__:extract_combined_features:103 - Processed 40000 tokens...
2025-11-27 18:35:22.478 | INFO     | __main__:extract_combined_features:103 - Processed 50000 tokens...
2025-11-27 18:35:22.485 | INFO     | __main__:extract_combined_features:108 - Vectorizing traditional features...
2025-11-27 18:35:22.682 | INFO     | __main__:extract_combined_features:117 - Combining traditional features with word embeddings...
2025-11-27 18:35:24.133 | INFO     | __main__:extract_combined_features:124 - Feature extraction completed. Feature matrix shape: (51362, 23971)
2025-11-27 18:35:24.150 | INFO     | __main__:run_feature_ablation_experiment:238 - Training SVM model...
2025-11-27 18:44:10.767 | INFO     | __main__:run_feature_ablation_experiment:243 - Making predictions...
2025-11-27 18:44:10.820 | INFO     | __main__:run_feature_ablation_experiment:247 - Evaluating embeddings_token_prev_pos_case combination...
2025-11-27 18:44:11.001 | INFO     | __main__:run_feature_ablation_experiment:253 - Generating confusion matrix for embeddings_token_prev_pos_case...
2025-11-27 18:44:11.665 | SUCCESS  | __main__:run_feature_ablation_experiment:271 - Completed evaluation for embeddings_token_prev_pos_case
2025-11-27 18:44:11.665 | INFO     | __main__:run_feature_ablation_experiment:209 - 
Testing feature combination: embeddings_token_prev_pos_digits
2025-11-27 18:44:11.665 | INFO     | __main__:run_feature_ablation_experiment:219 - Extracting training features...
2025-11-27 18:44:11.666 | INFO     | __main__:extract_combined_features:42 - Starting feature extraction from ./data/conll2003/conll2003.train.conll
2025-11-27 18:44:11.666 | INFO     | __main__:extract_combined_features:43 - Active features: {'embeddings': True, 'token': True, 'pos': False, 'case': False, 'digits': True, 'position': False, 'prev_pos': True}
2025-11-27 18:44:11.666 | INFO     | __main__:extract_combined_features:64 - Reading and processing file...
2025-11-27 18:44:11.836 | INFO     | __main__:extract_combined_features:103 - Processed 10000 tokens...
2025-11-27 18:44:12.005 | INFO     | __main__:extract_combined_features:103 - Processed 20000 tokens...
2025-11-27 18:44:12.258 | INFO     | __main__:extract_combined_features:103 - Processed 30000 tokens...
2025-11-27 18:44:12.429 | INFO     | __main__:extract_combined_features:103 - Processed 40000 tokens...
2025-11-27 18:44:12.601 | INFO     | __main__:extract_combined_features:103 - Processed 50000 tokens...
2025-11-27 18:44:12.771 | INFO     | __main__:extract_combined_features:103 - Processed 60000 tokens...
2025-11-27 18:44:12.934 | INFO     | __main__:extract_combined_features:103 - Processed 70000 tokens...
2025-11-27 18:44:13.101 | INFO     | __main__:extract_combined_features:103 - Processed 80000 tokens...
2025-11-27 18:44:13.267 | INFO     | __main__:extract_combined_features:103 - Processed 90000 tokens...
2025-11-27 18:44:13.437 | INFO     | __main__:extract_combined_features:103 - Processed 100000 tokens...
2025-11-27 18:44:13.611 | INFO     | __main__:extract_combined_features:103 - Processed 110000 tokens...
2025-11-27 18:44:13.778 | INFO     | __main__:extract_combined_features:103 - Processed 120000 tokens...
2025-11-27 18:44:13.951 | INFO     | __main__:extract_combined_features:103 - Processed 130000 tokens...
2025-11-27 18:44:14.127 | INFO     | __main__:extract_combined_features:103 - Processed 140000 tokens...
2025-11-27 18:44:14.293 | INFO     | __main__:extract_combined_features:103 - Processed 150000 tokens...
2025-11-27 18:44:14.467 | INFO     | __main__:extract_combined_features:103 - Processed 160000 tokens...
2025-11-27 18:44:14.640 | INFO     | __main__:extract_combined_features:103 - Processed 170000 tokens...
2025-11-27 18:44:14.810 | INFO     | __main__:extract_combined_features:103 - Processed 180000 tokens...
2025-11-27 18:44:14.985 | INFO     | __main__:extract_combined_features:103 - Processed 190000 tokens...
2025-11-27 18:44:15.312 | INFO     | __main__:extract_combined_features:103 - Processed 200000 tokens...
2025-11-27 18:44:15.374 | INFO     | __main__:extract_combined_features:108 - Vectorizing traditional features...
2025-11-27 18:44:16.315 | INFO     | __main__:extract_combined_features:117 - Combining traditional features with word embeddings...
2025-11-27 18:44:21.791 | INFO     | __main__:extract_combined_features:124 - Feature extraction completed. Feature matrix shape: (203621, 23970)
2025-11-27 18:44:21.865 | INFO     | __main__:run_feature_ablation_experiment:226 - Extracting development features...
2025-11-27 18:44:21.865 | INFO     | __main__:extract_combined_features:42 - Starting feature extraction from ./data/conll2003/conll2003.dev.conll
2025-11-27 18:44:21.865 | INFO     | __main__:extract_combined_features:43 - Active features: {'embeddings': True, 'token': True, 'pos': False, 'case': False, 'digits': True, 'position': False, 'prev_pos': True}
2025-11-27 18:44:21.865 | INFO     | __main__:extract_combined_features:64 - Reading and processing file...
2025-11-27 18:44:22.031 | INFO     | __main__:extract_combined_features:103 - Processed 10000 tokens...
2025-11-27 18:44:22.231 | INFO     | __main__:extract_combined_features:103 - Processed 20000 tokens...
2025-11-27 18:44:22.400 | INFO     | __main__:extract_combined_features:103 - Processed 30000 tokens...
2025-11-27 18:44:22.578 | INFO     | __main__:extract_combined_features:103 - Processed 40000 tokens...
2025-11-27 18:44:22.754 | INFO     | __main__:extract_combined_features:103 - Processed 50000 tokens...
2025-11-27 18:44:22.780 | INFO     | __main__:extract_combined_features:108 - Vectorizing traditional features...
2025-11-27 18:44:23.016 | INFO     | __main__:extract_combined_features:117 - Combining traditional features with word embeddings...
2025-11-27 18:44:24.616 | INFO     | __main__:extract_combined_features:124 - Feature extraction completed. Feature matrix shape: (51362, 23970)
2025-11-27 18:44:24.636 | INFO     | __main__:run_feature_ablation_experiment:238 - Training SVM model...
2025-11-27 18:55:21.237 | INFO     | __main__:run_feature_ablation_experiment:243 - Making predictions...
2025-11-27 18:55:21.295 | INFO     | __main__:run_feature_ablation_experiment:247 - Evaluating embeddings_token_prev_pos_digits combination...
2025-11-27 18:55:21.479 | INFO     | __main__:run_feature_ablation_experiment:253 - Generating confusion matrix for embeddings_token_prev_pos_digits...
2025-11-27 18:55:21.800 | SUCCESS  | __main__:run_feature_ablation_experiment:271 - Completed evaluation for embeddings_token_prev_pos_digits
2025-11-27 18:55:21.800 | INFO     | __main__:run_feature_ablation_experiment:209 - 
Testing feature combination: embeddings_token_prev_pos_position
2025-11-27 18:55:21.801 | INFO     | __main__:run_feature_ablation_experiment:219 - Extracting training features...
2025-11-27 18:55:21.801 | INFO     | __main__:extract_combined_features:42 - Starting feature extraction from ./data/conll2003/conll2003.train.conll
2025-11-27 18:55:21.801 | INFO     | __main__:extract_combined_features:43 - Active features: {'embeddings': True, 'token': True, 'pos': False, 'case': False, 'digits': False, 'position': True, 'prev_pos': True}
2025-11-27 18:55:21.801 | INFO     | __main__:extract_combined_features:64 - Reading and processing file...
2025-11-27 18:55:21.867 | INFO     | __main__:extract_combined_features:103 - Processed 10000 tokens...
2025-11-27 18:55:21.930 | INFO     | __main__:extract_combined_features:103 - Processed 20000 tokens...
2025-11-27 18:55:21.991 | INFO     | __main__:extract_combined_features:103 - Processed 30000 tokens...
2025-11-27 18:55:22.054 | INFO     | __main__:extract_combined_features:103 - Processed 40000 tokens...
2025-11-27 18:55:22.117 | INFO     | __main__:extract_combined_features:103 - Processed 50000 tokens...
2025-11-27 18:55:22.181 | INFO     | __main__:extract_combined_features:103 - Processed 60000 tokens...
2025-11-27 18:55:22.242 | INFO     | __main__:extract_combined_features:103 - Processed 70000 tokens...
2025-11-27 18:55:22.307 | INFO     | __main__:extract_combined_features:103 - Processed 80000 tokens...
2025-11-27 18:55:22.368 | INFO     | __main__:extract_combined_features:103 - Processed 90000 tokens...
2025-11-27 18:55:22.435 | INFO     | __main__:extract_combined_features:103 - Processed 100000 tokens...
2025-11-27 18:55:22.494 | INFO     | __main__:extract_combined_features:103 - Processed 110000 tokens...
2025-11-27 18:55:22.557 | INFO     | __main__:extract_combined_features:103 - Processed 120000 tokens...
2025-11-27 18:55:22.746 | INFO     | __main__:extract_combined_features:103 - Processed 130000 tokens...
2025-11-27 18:55:22.809 | INFO     | __main__:extract_combined_features:103 - Processed 140000 tokens...
2025-11-27 18:55:22.869 | INFO     | __main__:extract_combined_features:103 - Processed 150000 tokens...
2025-11-27 18:55:22.931 | INFO     | __main__:extract_combined_features:103 - Processed 160000 tokens...
2025-11-27 18:55:22.997 | INFO     | __main__:extract_combined_features:103 - Processed 170000 tokens...
2025-11-27 18:55:23.059 | INFO     | __main__:extract_combined_features:103 - Processed 180000 tokens...
2025-11-27 18:55:23.120 | INFO     | __main__:extract_combined_features:103 - Processed 190000 tokens...
2025-11-27 18:55:23.184 | INFO     | __main__:extract_combined_features:103 - Processed 200000 tokens...
2025-11-27 18:55:23.206 | INFO     | __main__:extract_combined_features:108 - Vectorizing traditional features...
2025-11-27 18:55:24.210 | INFO     | __main__:extract_combined_features:117 - Combining traditional features with word embeddings...
2025-11-27 18:55:29.943 | INFO     | __main__:extract_combined_features:124 - Feature extraction completed. Feature matrix shape: (203621, 23970)
2025-11-27 18:55:30.034 | INFO     | __main__:run_feature_ablation_experiment:226 - Extracting development features...
2025-11-27 18:55:30.034 | INFO     | __main__:extract_combined_features:42 - Starting feature extraction from ./data/conll2003/conll2003.dev.conll
2025-11-27 18:55:30.035 | INFO     | __main__:extract_combined_features:43 - Active features: {'embeddings': True, 'token': True, 'pos': False, 'case': False, 'digits': False, 'position': True, 'prev_pos': True}
2025-11-27 18:55:30.035 | INFO     | __main__:extract_combined_features:64 - Reading and processing file...
2025-11-27 18:55:30.093 | INFO     | __main__:extract_combined_features:103 - Processed 10000 tokens...
2025-11-27 18:55:30.149 | INFO     | __main__:extract_combined_features:103 - Processed 20000 tokens...
2025-11-27 18:55:30.215 | INFO     | __main__:extract_combined_features:103 - Processed 30000 tokens...
2025-11-27 18:55:30.271 | INFO     | __main__:extract_combined_features:103 - Processed 40000 tokens...
2025-11-27 18:55:30.337 | INFO     | __main__:extract_combined_features:103 - Processed 50000 tokens...
2025-11-27 18:55:30.345 | INFO     | __main__:extract_combined_features:108 - Vectorizing traditional features...
2025-11-27 18:55:30.583 | INFO     | __main__:extract_combined_features:117 - Combining traditional features with word embeddings...
2025-11-27 18:55:32.019 | INFO     | __main__:extract_combined_features:124 - Feature extraction completed. Feature matrix shape: (51362, 23970)
2025-11-27 18:55:32.043 | INFO     | __main__:run_feature_ablation_experiment:238 - Training SVM model...
2025-11-27 19:02:37.334 | INFO     | __main__:run_feature_ablation_experiment:243 - Making predictions...
2025-11-27 19:02:37.390 | INFO     | __main__:run_feature_ablation_experiment:247 - Evaluating embeddings_token_prev_pos_position combination...
2025-11-27 19:02:37.572 | INFO     | __main__:run_feature_ablation_experiment:253 - Generating confusion matrix for embeddings_token_prev_pos_position...
2025-11-27 19:02:37.920 | SUCCESS  | __main__:run_feature_ablation_experiment:271 - Completed evaluation for embeddings_token_prev_pos_position
2025-11-27 19:02:37.921 | INFO     | __main__:run_feature_ablation_experiment:209 - 
Testing feature combination: embeddings_token_prev_pos_pos
2025-11-27 19:02:37.921 | INFO     | __main__:run_feature_ablation_experiment:219 - Extracting training features...
2025-11-27 19:02:37.921 | INFO     | __main__:extract_combined_features:42 - Starting feature extraction from ./data/conll2003/conll2003.train.conll
2025-11-27 19:02:37.921 | INFO     | __main__:extract_combined_features:43 - Active features: {'embeddings': True, 'token': True, 'pos': True, 'case': False, 'digits': False, 'position': False, 'prev_pos': True}
2025-11-27 19:02:37.921 | INFO     | __main__:extract_combined_features:64 - Reading and processing file...
2025-11-27 19:02:37.978 | INFO     | __main__:extract_combined_features:103 - Processed 10000 tokens...
2025-11-27 19:02:38.039 | INFO     | __main__:extract_combined_features:103 - Processed 20000 tokens...
2025-11-27 19:02:38.099 | INFO     | __main__:extract_combined_features:103 - Processed 30000 tokens...
2025-11-27 19:02:38.253 | INFO     | __main__:extract_combined_features:103 - Processed 40000 tokens...
2025-11-27 19:02:38.310 | INFO     | __main__:extract_combined_features:103 - Processed 50000 tokens...
2025-11-27 19:02:38.371 | INFO     | __main__:extract_combined_features:103 - Processed 60000 tokens...
2025-11-27 19:02:38.429 | INFO     | __main__:extract_combined_features:103 - Processed 70000 tokens...
2025-11-27 19:02:38.491 | INFO     | __main__:extract_combined_features:103 - Processed 80000 tokens...
2025-11-27 19:02:38.566 | INFO     | __main__:extract_combined_features:103 - Processed 90000 tokens...
2025-11-27 19:02:38.647 | INFO     | __main__:extract_combined_features:103 - Processed 100000 tokens...
2025-11-27 19:02:38.713 | INFO     | __main__:extract_combined_features:103 - Processed 110000 tokens...
2025-11-27 19:02:38.780 | INFO     | __main__:extract_combined_features:103 - Processed 120000 tokens...
2025-11-27 19:02:38.867 | INFO     | __main__:extract_combined_features:103 - Processed 130000 tokens...
2025-11-27 19:02:38.948 | INFO     | __main__:extract_combined_features:103 - Processed 140000 tokens...
2025-11-27 19:02:39.032 | INFO     | __main__:extract_combined_features:103 - Processed 150000 tokens...
2025-11-27 19:02:39.100 | INFO     | __main__:extract_combined_features:103 - Processed 160000 tokens...
2025-11-27 19:02:39.162 | INFO     | __main__:extract_combined_features:103 - Processed 170000 tokens...
2025-11-27 19:02:39.223 | INFO     | __main__:extract_combined_features:103 - Processed 180000 tokens...
2025-11-27 19:02:39.293 | INFO     | __main__:extract_combined_features:103 - Processed 190000 tokens...
2025-11-27 19:02:39.353 | INFO     | __main__:extract_combined_features:103 - Processed 200000 tokens...
2025-11-27 19:02:39.377 | INFO     | __main__:extract_combined_features:108 - Vectorizing traditional features...
2025-11-27 19:02:40.299 | INFO     | __main__:extract_combined_features:117 - Combining traditional features with word embeddings...
2025-11-27 19:02:45.610 | INFO     | __main__:extract_combined_features:124 - Feature extraction completed. Feature matrix shape: (203621, 24014)
2025-11-27 19:02:45.686 | INFO     | __main__:run_feature_ablation_experiment:226 - Extracting development features...
2025-11-27 19:02:45.686 | INFO     | __main__:extract_combined_features:42 - Starting feature extraction from ./data/conll2003/conll2003.dev.conll
2025-11-27 19:02:45.686 | INFO     | __main__:extract_combined_features:43 - Active features: {'embeddings': True, 'token': True, 'pos': True, 'case': False, 'digits': False, 'position': False, 'prev_pos': True}
2025-11-27 19:02:45.686 | INFO     | __main__:extract_combined_features:64 - Reading and processing file...
2025-11-27 19:02:45.747 | INFO     | __main__:extract_combined_features:103 - Processed 10000 tokens...
2025-11-27 19:02:45.886 | INFO     | __main__:extract_combined_features:103 - Processed 20000 tokens...
2025-11-27 19:02:45.945 | INFO     | __main__:extract_combined_features:103 - Processed 30000 tokens...
2025-11-27 19:02:46.007 | INFO     | __main__:extract_combined_features:103 - Processed 40000 tokens...
2025-11-27 19:02:46.068 | INFO     | __main__:extract_combined_features:103 - Processed 50000 tokens...
2025-11-27 19:02:46.077 | INFO     | __main__:extract_combined_features:108 - Vectorizing traditional features...
2025-11-27 19:02:46.300 | INFO     | __main__:extract_combined_features:117 - Combining traditional features with word embeddings...
2025-11-27 19:02:47.841 | INFO     | __main__:extract_combined_features:124 - Feature extraction completed. Feature matrix shape: (51362, 24014)
2025-11-27 19:02:47.868 | INFO     | __main__:run_feature_ablation_experiment:238 - Training SVM model...
2025-11-27 19:15:32.376 | INFO     | __main__:run_feature_ablation_experiment:243 - Making predictions...
2025-11-27 19:15:32.431 | INFO     | __main__:run_feature_ablation_experiment:247 - Evaluating embeddings_token_prev_pos_pos combination...
2025-11-27 19:15:32.614 | INFO     | __main__:run_feature_ablation_experiment:253 - Generating confusion matrix for embeddings_token_prev_pos_pos...
2025-11-27 19:15:32.938 | SUCCESS  | __main__:run_feature_ablation_experiment:271 - Completed evaluation for embeddings_token_prev_pos_pos
2025-11-27 19:15:32.947 | INFO     | __main__:run_feature_ablation_experiment:294 - Detailed results saved to: code/assignment3/results/ablation_results_20251127_183514.txt
2025-11-27 19:15:32.982 | SUCCESS  | __main__:main:318 - Feature ablation analysis completed. Results saved to code/assignment3/results/ablation_results_20251127_183514.txt
