2025-11-27 18:21:55.344 | INFO     | __main__:main:298 - Starting feature ablation analysis
2025-11-27 18:21:55.344 | INFO     | __main__:main:307 - Loading word embedding model...
2025-11-27 18:22:27.265 | SUCCESS  | __main__:main:309 - Word embedding model loaded successfully
2025-11-27 18:22:27.265 | INFO     | __main__:run_feature_ablation_experiment:131 - Starting feature ablation experiments
2025-11-27 18:22:27.266 | INFO     | __main__:run_feature_ablation_experiment:209 - 
Testing feature combination: embeddings_token_prev_pos_case
2025-11-27 18:22:27.266 | INFO     | __main__:run_feature_ablation_experiment:219 - Extracting training features...
2025-11-27 18:22:27.266 | INFO     | __main__:extract_combined_features:42 - Starting feature extraction from ./data/conll2003/conll2003.train.conll
2025-11-27 18:22:27.266 | INFO     | __main__:extract_combined_features:43 - Active features: {'embeddings': True, 'token': True, 'pos': False, 'case': True, 'digits': False, 'position': False, 'prev_pos': True}
2025-11-27 18:22:27.266 | INFO     | __main__:extract_combined_features:64 - Reading and processing file...
2025-11-27 18:22:27.364 | INFO     | __main__:extract_combined_features:103 - Processed 10000 tokens...
2025-11-27 18:22:27.393 | INFO     | __main__:extract_combined_features:103 - Processed 20000 tokens...
2025-11-27 18:22:27.424 | INFO     | __main__:extract_combined_features:103 - Processed 30000 tokens...
2025-11-27 18:22:27.452 | INFO     | __main__:extract_combined_features:103 - Processed 40000 tokens...
2025-11-27 18:22:27.481 | INFO     | __main__:extract_combined_features:103 - Processed 50000 tokens...
2025-11-27 18:22:27.508 | INFO     | __main__:extract_combined_features:103 - Processed 60000 tokens...
2025-11-27 18:22:27.631 | INFO     | __main__:extract_combined_features:103 - Processed 70000 tokens...
2025-11-27 18:22:27.658 | INFO     | __main__:extract_combined_features:103 - Processed 80000 tokens...
2025-11-27 18:22:27.688 | INFO     | __main__:extract_combined_features:103 - Processed 90000 tokens...
2025-11-27 18:22:27.714 | INFO     | __main__:extract_combined_features:103 - Processed 100000 tokens...
2025-11-27 18:22:27.759 | INFO     | __main__:extract_combined_features:103 - Processed 110000 tokens...
2025-11-27 18:22:27.796 | INFO     | __main__:extract_combined_features:103 - Processed 120000 tokens...
2025-11-27 18:22:27.825 | INFO     | __main__:extract_combined_features:103 - Processed 130000 tokens...
2025-11-27 18:22:27.851 | INFO     | __main__:extract_combined_features:103 - Processed 140000 tokens...
2025-11-27 18:22:27.881 | INFO     | __main__:extract_combined_features:103 - Processed 150000 tokens...
2025-11-27 18:22:27.906 | INFO     | __main__:extract_combined_features:103 - Processed 160000 tokens...
2025-11-27 18:22:27.935 | INFO     | __main__:extract_combined_features:103 - Processed 170000 tokens...
2025-11-27 18:22:27.967 | INFO     | __main__:extract_combined_features:103 - Processed 180000 tokens...
2025-11-27 18:22:27.994 | INFO     | __main__:extract_combined_features:103 - Processed 190000 tokens...
2025-11-27 18:22:28.019 | INFO     | __main__:extract_combined_features:103 - Processed 200000 tokens...
2025-11-27 18:22:28.032 | INFO     | __main__:extract_combined_features:108 - Vectorizing traditional features...
2025-11-27 18:22:28.404 | INFO     | __main__:extract_combined_features:117 - Combining traditional features with word embeddings...
2025-11-27 18:22:35.268 | INFO     | __main__:extract_combined_features:124 - Feature extraction completed. Feature matrix shape: (203621, 23971)
2025-11-27 18:22:35.327 | INFO     | __main__:run_feature_ablation_experiment:226 - Extracting development features...
2025-11-27 18:22:35.327 | INFO     | __main__:extract_combined_features:42 - Starting feature extraction from ./data/conll2003/conll2003.dev.conll
2025-11-27 18:22:35.327 | INFO     | __main__:extract_combined_features:43 - Active features: {'embeddings': True, 'token': True, 'pos': False, 'case': True, 'digits': False, 'position': False, 'prev_pos': True}
2025-11-27 18:22:35.327 | INFO     | __main__:extract_combined_features:64 - Reading and processing file...
2025-11-27 18:22:35.363 | INFO     | __main__:extract_combined_features:103 - Processed 10000 tokens...
2025-11-27 18:22:35.393 | INFO     | __main__:extract_combined_features:103 - Processed 20000 tokens...
2025-11-27 18:22:35.431 | INFO     | __main__:extract_combined_features:103 - Processed 30000 tokens...
2025-11-27 18:22:35.583 | INFO     | __main__:extract_combined_features:103 - Processed 40000 tokens...
2025-11-27 18:22:35.613 | INFO     | __main__:extract_combined_features:103 - Processed 50000 tokens...
2025-11-27 18:22:35.618 | INFO     | __main__:extract_combined_features:108 - Vectorizing traditional features...
2025-11-27 18:22:35.723 | INFO     | __main__:extract_combined_features:117 - Combining traditional features with word embeddings...
2025-11-27 18:22:37.268 | INFO     | __main__:extract_combined_features:124 - Feature extraction completed. Feature matrix shape: (51362, 23971)
2025-11-27 18:22:37.283 | INFO     | __main__:run_feature_ablation_experiment:238 - Training SVM model...
2025-11-27 18:32:43.291 | INFO     | __main__:run_feature_ablation_experiment:243 - Making predictions...
2025-11-27 18:32:43.351 | INFO     | __main__:run_feature_ablation_experiment:247 - Evaluating embeddings_token_prev_pos_case combination...
2025-11-27 18:32:43.503 | INFO     | __main__:run_feature_ablation_experiment:253 - Generating confusion matrix for embeddings_token_prev_pos_case...
2025-11-27 18:32:44.127 | SUCCESS  | __main__:run_feature_ablation_experiment:271 - Completed evaluation for embeddings_token_prev_pos_case
2025-11-27 18:32:44.127 | INFO     | __main__:run_feature_ablation_experiment:209 - 
Testing feature combination: embeddings_token_prev_pos_digits
2025-11-27 18:32:44.127 | INFO     | __main__:run_feature_ablation_experiment:219 - Extracting training features...
2025-11-27 18:32:44.127 | INFO     | __main__:extract_combined_features:42 - Starting feature extraction from ./data/conll2003/conll2003.train.conll
2025-11-27 18:32:44.127 | INFO     | __main__:extract_combined_features:43 - Active features: {'embeddings': True, 'token': True, 'pos': False, 'case': False, 'digits': True, 'position': False, 'prev_pos': True}
2025-11-27 18:32:44.127 | INFO     | __main__:extract_combined_features:64 - Reading and processing file...
2025-11-27 18:32:44.158 | INFO     | __main__:extract_combined_features:103 - Processed 10000 tokens...
2025-11-27 18:32:44.187 | INFO     | __main__:extract_combined_features:103 - Processed 20000 tokens...
2025-11-27 18:32:44.220 | INFO     | __main__:extract_combined_features:103 - Processed 30000 tokens...
2025-11-27 18:32:44.248 | INFO     | __main__:extract_combined_features:103 - Processed 40000 tokens...
2025-11-27 18:32:44.278 | INFO     | __main__:extract_combined_features:103 - Processed 50000 tokens...
2025-11-27 18:32:44.306 | INFO     | __main__:extract_combined_features:103 - Processed 60000 tokens...
2025-11-27 18:32:44.337 | INFO     | __main__:extract_combined_features:103 - Processed 70000 tokens...
2025-11-27 18:32:44.368 | INFO     | __main__:extract_combined_features:103 - Processed 80000 tokens...
2025-11-27 18:32:44.505 | INFO     | __main__:extract_combined_features:103 - Processed 90000 tokens...
2025-11-27 18:32:44.537 | INFO     | __main__:extract_combined_features:103 - Processed 100000 tokens...
2025-11-27 18:32:44.566 | INFO     | __main__:extract_combined_features:103 - Processed 110000 tokens...
2025-11-27 18:32:44.599 | INFO     | __main__:extract_combined_features:103 - Processed 120000 tokens...
2025-11-27 18:32:44.628 | INFO     | __main__:extract_combined_features:103 - Processed 130000 tokens...
2025-11-27 18:32:44.660 | INFO     | __main__:extract_combined_features:103 - Processed 140000 tokens...
2025-11-27 18:32:44.690 | INFO     | __main__:extract_combined_features:103 - Processed 150000 tokens...
2025-11-27 18:32:44.721 | INFO     | __main__:extract_combined_features:103 - Processed 160000 tokens...
2025-11-27 18:32:44.752 | INFO     | __main__:extract_combined_features:103 - Processed 170000 tokens...
2025-11-27 18:32:44.784 | INFO     | __main__:extract_combined_features:103 - Processed 180000 tokens...
2025-11-27 18:32:44.813 | INFO     | __main__:extract_combined_features:103 - Processed 190000 tokens...
2025-11-27 18:32:44.845 | INFO     | __main__:extract_combined_features:103 - Processed 200000 tokens...
2025-11-27 18:32:44.857 | INFO     | __main__:extract_combined_features:108 - Vectorizing traditional features...
2025-11-27 18:32:45.279 | INFO     | __main__:extract_combined_features:117 - Combining traditional features with word embeddings...
