2025-11-27 10:54:31.036 | INFO     | __main__:main:418 - Starting feature ablation analysis
2025-11-27 10:54:31.037 | INFO     | __main__:main:427 - Loading word embedding model...
2025-11-27 10:55:28.837 | SUCCESS  | __main__:main:429 - Word embedding model loaded successfully
2025-11-27 10:55:28.838 | INFO     | __main__:run_feature_ablation_experiment:131 - Starting feature ablation experiments
2025-11-27 10:55:28.839 | INFO     | __main__:run_feature_ablation_experiment:329 - 
Testing feature combination: embeddings_token
2025-11-27 10:55:28.839 | INFO     | __main__:run_feature_ablation_experiment:339 - Extracting training features...
2025-11-27 10:55:28.840 | INFO     | __main__:extract_combined_features:42 - Starting feature extraction from ./data/conll2003/conll2003.train.conll
2025-11-27 10:55:28.840 | INFO     | __main__:extract_combined_features:43 - Active features: {'embeddings': True, 'token': True, 'pos': False, 'case': False, 'digits': False, 'position': False, 'prev_pos': False}
2025-11-27 10:55:28.840 | INFO     | __main__:extract_combined_features:64 - Reading and processing file...
2025-11-27 10:55:28.932 | INFO     | __main__:extract_combined_features:103 - Processed 10000 tokens...
2025-11-27 10:55:28.994 | INFO     | __main__:extract_combined_features:103 - Processed 20000 tokens...
2025-11-27 10:55:29.050 | INFO     | __main__:extract_combined_features:103 - Processed 30000 tokens...
2025-11-27 10:55:29.112 | INFO     | __main__:extract_combined_features:103 - Processed 40000 tokens...
2025-11-27 10:55:29.170 | INFO     | __main__:extract_combined_features:103 - Processed 50000 tokens...
2025-11-27 10:55:29.230 | INFO     | __main__:extract_combined_features:103 - Processed 60000 tokens...
2025-11-27 10:55:29.285 | INFO     | __main__:extract_combined_features:103 - Processed 70000 tokens...
2025-11-27 10:55:29.344 | INFO     | __main__:extract_combined_features:103 - Processed 80000 tokens...
2025-11-27 10:55:29.403 | INFO     | __main__:extract_combined_features:103 - Processed 90000 tokens...
2025-11-27 10:55:29.462 | INFO     | __main__:extract_combined_features:103 - Processed 100000 tokens...
2025-11-27 10:55:29.518 | INFO     | __main__:extract_combined_features:103 - Processed 110000 tokens...
2025-11-27 10:55:29.578 | INFO     | __main__:extract_combined_features:103 - Processed 120000 tokens...
2025-11-27 10:55:29.637 | INFO     | __main__:extract_combined_features:103 - Processed 130000 tokens...
2025-11-27 10:55:29.822 | INFO     | __main__:extract_combined_features:103 - Processed 140000 tokens...
2025-11-27 10:55:29.881 | INFO     | __main__:extract_combined_features:103 - Processed 150000 tokens...
2025-11-27 10:55:29.940 | INFO     | __main__:extract_combined_features:103 - Processed 160000 tokens...
2025-11-27 10:55:29.998 | INFO     | __main__:extract_combined_features:103 - Processed 170000 tokens...
2025-11-27 10:55:30.058 | INFO     | __main__:extract_combined_features:103 - Processed 180000 tokens...
2025-11-27 10:55:30.118 | INFO     | __main__:extract_combined_features:103 - Processed 190000 tokens...
2025-11-27 10:55:30.178 | INFO     | __main__:extract_combined_features:103 - Processed 200000 tokens...
2025-11-27 10:55:30.201 | INFO     | __main__:extract_combined_features:108 - Vectorizing traditional features...
2025-11-27 10:55:30.585 | INFO     | __main__:extract_combined_features:117 - Combining traditional features with word embeddings...
