2025-11-27 19:33:46.705 | INFO     | __main__:main:226 - Starting model comparison analysis
2025-11-27 19:33:46.705 | INFO     | __main__:main:235 - Loading word embedding model...
2025-11-27 19:34:41.978 | SUCCESS  | __main__:main:237 - Word embedding model loaded successfully
2025-11-27 19:34:41.979 | INFO     | __main__:train_and_evaluate_models:110 - Starting model training and evaluation
2025-11-27 19:34:41.979 | INFO     | __main__:train_and_evaluate_models:117 - Extracting training features...
2025-11-27 19:34:41.979 | INFO     | __main__:extract_combined_features:33 - Starting feature extraction from ./data/conll2003/conll2003.train.conll
2025-11-27 19:34:41.979 | INFO     | __main__:extract_combined_features:54 - Reading and processing file...
2025-11-27 19:34:42.169 | INFO     | __main__:extract_combined_features:86 - Processed 10000 tokens...
2025-11-27 19:34:42.323 | INFO     | __main__:extract_combined_features:86 - Processed 20000 tokens...
2025-11-27 19:34:42.475 | INFO     | __main__:extract_combined_features:86 - Processed 30000 tokens...
2025-11-27 19:34:42.627 | INFO     | __main__:extract_combined_features:86 - Processed 40000 tokens...
2025-11-27 19:34:42.781 | INFO     | __main__:extract_combined_features:86 - Processed 50000 tokens...
2025-11-27 19:34:42.947 | INFO     | __main__:extract_combined_features:86 - Processed 60000 tokens...
2025-11-27 19:34:43.094 | INFO     | __main__:extract_combined_features:86 - Processed 70000 tokens...
2025-11-27 19:34:43.245 | INFO     | __main__:extract_combined_features:86 - Processed 80000 tokens...
2025-11-27 19:34:43.392 | INFO     | __main__:extract_combined_features:86 - Processed 90000 tokens...
2025-11-27 19:34:43.544 | INFO     | __main__:extract_combined_features:86 - Processed 100000 tokens...
2025-11-27 19:34:43.698 | INFO     | __main__:extract_combined_features:86 - Processed 110000 tokens...
2025-11-27 19:34:43.846 | INFO     | __main__:extract_combined_features:86 - Processed 120000 tokens...
2025-11-27 19:34:44.003 | INFO     | __main__:extract_combined_features:86 - Processed 130000 tokens...
2025-11-27 19:34:44.284 | INFO     | __main__:extract_combined_features:86 - Processed 140000 tokens...
2025-11-27 19:34:44.432 | INFO     | __main__:extract_combined_features:86 - Processed 150000 tokens...
2025-11-27 19:34:44.592 | INFO     | __main__:extract_combined_features:86 - Processed 160000 tokens...
2025-11-27 19:34:44.751 | INFO     | __main__:extract_combined_features:86 - Processed 170000 tokens...
2025-11-27 19:34:44.905 | INFO     | __main__:extract_combined_features:86 - Processed 180000 tokens...
2025-11-27 19:34:45.062 | INFO     | __main__:extract_combined_features:86 - Processed 190000 tokens...
2025-11-27 19:34:45.217 | INFO     | __main__:extract_combined_features:86 - Processed 200000 tokens...
2025-11-27 19:34:45.274 | INFO     | __main__:extract_combined_features:91 - Vectorizing traditional features...
2025-11-27 19:34:46.876 | INFO     | __main__:extract_combined_features:98 - Combining traditional features with word embeddings...
2025-11-27 19:34:54.246 | INFO     | __main__:extract_combined_features:103 - Feature extraction completed. Feature matrix shape: (203621, 24018)
2025-11-27 19:34:54.318 | INFO     | __main__:train_and_evaluate_models:120 - Extracting development features...
2025-11-27 19:34:54.319 | INFO     | __main__:extract_combined_features:33 - Starting feature extraction from ./data/conll2003/conll2003.dev.conll
2025-11-27 19:34:54.319 | INFO     | __main__:extract_combined_features:54 - Reading and processing file...
2025-11-27 19:34:54.487 | INFO     | __main__:extract_combined_features:86 - Processed 10000 tokens...
2025-11-27 19:34:54.669 | INFO     | __main__:extract_combined_features:86 - Processed 20000 tokens...
2025-11-27 19:34:54.824 | INFO     | __main__:extract_combined_features:86 - Processed 30000 tokens...
2025-11-27 19:34:54.968 | INFO     | __main__:extract_combined_features:86 - Processed 40000 tokens...
2025-11-27 19:34:55.120 | INFO     | __main__:extract_combined_features:86 - Processed 50000 tokens...
2025-11-27 19:34:55.141 | INFO     | __main__:extract_combined_features:91 - Vectorizing traditional features...
2025-11-27 19:34:55.660 | INFO     | __main__:extract_combined_features:98 - Combining traditional features with word embeddings...
2025-11-27 19:34:56.876 | INFO     | __main__:extract_combined_features:103 - Feature extraction completed. Feature matrix shape: (51362, 24018)
2025-11-27 19:34:56.893 | INFO     | __main__:train_and_evaluate_models:151 - 
Training and evaluating SVM_optimal
2025-11-27 19:34:56.893 | INFO     | __main__:train_and_evaluate_models:168 - Training SVM_optimal...
2025-11-27 22:52:39.613 | INFO     | __main__:train_and_evaluate_models:172 - Making predictions...
2025-11-27 22:56:35.951 | INFO     | __main__:train_and_evaluate_models:176 - Evaluating SVM_optimal...
2025-11-27 22:56:36.121 | INFO     | __main__:train_and_evaluate_models:182 - Generating confusion matrix for SVM_optimal...
2025-11-27 22:56:36.908 | SUCCESS  | __main__:train_and_evaluate_models:200 - Completed evaluation for SVM_optimal
2025-11-27 22:56:36.908 | INFO     | __main__:train_and_evaluate_models:151 - 
Training and evaluating LogisticRegression
2025-11-27 22:56:36.908 | INFO     | __main__:train_and_evaluate_models:159 - Scaling features...
2025-11-27 22:56:39.186 | INFO     | __main__:train_and_evaluate_models:168 - Training LogisticRegression...
2025-11-27 22:57:35.952 | INFO     | __main__:train_and_evaluate_models:172 - Making predictions...
2025-11-27 22:57:36.023 | INFO     | __main__:train_and_evaluate_models:176 - Evaluating LogisticRegression...
2025-11-27 22:57:36.204 | INFO     | __main__:train_and_evaluate_models:182 - Generating confusion matrix for LogisticRegression...
2025-11-27 22:57:36.696 | SUCCESS  | __main__:train_and_evaluate_models:200 - Completed evaluation for LogisticRegression
2025-11-27 22:57:36.696 | INFO     | __main__:train_and_evaluate_models:151 - 
Training and evaluating NaiveBayes
2025-11-27 22:57:36.696 | INFO     | __main__:train_and_evaluate_models:168 - Training NaiveBayes...
2025-11-27 22:57:37.565 | INFO     | __main__:train_and_evaluate_models:172 - Making predictions...
2025-11-27 22:57:37.768 | INFO     | __main__:train_and_evaluate_models:176 - Evaluating NaiveBayes...
2025-11-27 22:57:37.937 | INFO     | __main__:train_and_evaluate_models:182 - Generating confusion matrix for NaiveBayes...
2025-11-27 22:57:38.270 | SUCCESS  | __main__:train_and_evaluate_models:200 - Completed evaluation for NaiveBayes
2025-11-27 22:57:38.279 | INFO     | __main__:train_and_evaluate_models:222 - Detailed results saved to: code/assignment3/results/model_comparison_20251127_193456.txt
2025-11-27 22:57:38.324 | SUCCESS  | __main__:main:246 - Model comparison analysis completed. Results saved to code/assignment3/results/model_comparison_20251127_193456.txt
