2025-11-27 19:32:11.119 | INFO     | __main__:main:226 - Starting model comparison analysis
2025-11-27 19:32:11.120 | INFO     | __main__:main:235 - Loading word embedding model...
2025-11-27 19:33:07.345 | SUCCESS  | __main__:main:237 - Word embedding model loaded successfully
2025-11-27 19:33:07.347 | INFO     | __main__:train_and_evaluate_models:110 - Starting model training and evaluation
2025-11-27 19:33:07.347 | INFO     | __main__:train_and_evaluate_models:117 - Extracting training features...
2025-11-27 19:33:07.347 | INFO     | __main__:extract_combined_features:33 - Starting feature extraction from ./data/conll2003/conll2003.train.conll
2025-11-27 19:33:07.347 | INFO     | __main__:extract_combined_features:54 - Reading and processing file...
2025-11-27 19:33:07.550 | INFO     | __main__:extract_combined_features:86 - Processed 10000 tokens...
2025-11-27 19:33:07.714 | INFO     | __main__:extract_combined_features:86 - Processed 20000 tokens...
2025-11-27 19:33:07.876 | INFO     | __main__:extract_combined_features:86 - Processed 30000 tokens...
2025-11-27 19:33:08.063 | INFO     | __main__:extract_combined_features:86 - Processed 40000 tokens...
2025-11-27 19:33:08.233 | INFO     | __main__:extract_combined_features:86 - Processed 50000 tokens...
2025-11-27 19:33:08.407 | INFO     | __main__:extract_combined_features:86 - Processed 60000 tokens...
2025-11-27 19:33:08.561 | INFO     | __main__:extract_combined_features:86 - Processed 70000 tokens...
2025-11-27 19:33:08.721 | INFO     | __main__:extract_combined_features:86 - Processed 80000 tokens...
2025-11-27 19:33:08.879 | INFO     | __main__:extract_combined_features:86 - Processed 90000 tokens...
2025-11-27 19:33:09.041 | INFO     | __main__:extract_combined_features:86 - Processed 100000 tokens...
2025-11-27 19:33:09.200 | INFO     | __main__:extract_combined_features:86 - Processed 110000 tokens...
2025-11-27 19:33:09.382 | INFO     | __main__:extract_combined_features:86 - Processed 120000 tokens...
2025-11-27 19:33:09.554 | INFO     | __main__:extract_combined_features:86 - Processed 130000 tokens...
2025-11-27 19:33:09.861 | INFO     | __main__:extract_combined_features:86 - Processed 140000 tokens...
2025-11-27 19:33:10.018 | INFO     | __main__:extract_combined_features:86 - Processed 150000 tokens...
2025-11-27 19:33:10.225 | INFO     | __main__:extract_combined_features:86 - Processed 160000 tokens...
2025-11-27 19:33:10.406 | INFO     | __main__:extract_combined_features:86 - Processed 170000 tokens...
2025-11-27 19:33:10.565 | INFO     | __main__:extract_combined_features:86 - Processed 180000 tokens...
2025-11-27 19:33:10.725 | INFO     | __main__:extract_combined_features:86 - Processed 190000 tokens...
2025-11-27 19:33:10.887 | INFO     | __main__:extract_combined_features:86 - Processed 200000 tokens...
2025-11-27 19:33:10.951 | INFO     | __main__:extract_combined_features:91 - Vectorizing traditional features...
2025-11-27 19:33:12.805 | INFO     | __main__:extract_combined_features:98 - Combining traditional features with word embeddings...
