2025-11-27 14:14:43.782 | INFO     | __main__:main:418 - Starting feature ablation analysis
2025-11-27 14:14:43.782 | INFO     | __main__:main:427 - Loading word embedding model...
2025-11-27 14:15:36.174 | SUCCESS  | __main__:main:429 - Word embedding model loaded successfully
2025-11-27 14:15:36.174 | INFO     | __main__:run_feature_ablation_experiment:131 - Starting feature ablation experiments
2025-11-27 14:15:36.174 | INFO     | __main__:run_feature_ablation_experiment:329 - 
Testing feature combination: embeddings_token
2025-11-27 14:15:36.174 | INFO     | __main__:run_feature_ablation_experiment:339 - Extracting training features...
2025-11-27 14:15:36.175 | INFO     | __main__:extract_combined_features:42 - Starting feature extraction from ./data/conll2003/conll2003.train.conll
2025-11-27 14:15:36.175 | INFO     | __main__:extract_combined_features:43 - Active features: {'embeddings': True, 'token': True, 'pos': False, 'case': False, 'digits': False, 'position': False, 'prev_pos': False}
2025-11-27 14:15:36.175 | INFO     | __main__:extract_combined_features:64 - Reading and processing file...
2025-11-27 14:15:36.259 | INFO     | __main__:extract_combined_features:103 - Processed 10000 tokens...
2025-11-27 14:15:36.319 | INFO     | __main__:extract_combined_features:103 - Processed 20000 tokens...
2025-11-27 14:15:36.377 | INFO     | __main__:extract_combined_features:103 - Processed 30000 tokens...
2025-11-27 14:15:36.435 | INFO     | __main__:extract_combined_features:103 - Processed 40000 tokens...
2025-11-27 14:15:36.490 | INFO     | __main__:extract_combined_features:103 - Processed 50000 tokens...
2025-11-27 14:15:36.551 | INFO     | __main__:extract_combined_features:103 - Processed 60000 tokens...
2025-11-27 14:15:36.611 | INFO     | __main__:extract_combined_features:103 - Processed 70000 tokens...
2025-11-27 14:15:36.672 | INFO     | __main__:extract_combined_features:103 - Processed 80000 tokens...
2025-11-27 14:15:36.729 | INFO     | __main__:extract_combined_features:103 - Processed 90000 tokens...
2025-11-27 14:15:36.787 | INFO     | __main__:extract_combined_features:103 - Processed 100000 tokens...
2025-11-27 14:15:36.842 | INFO     | __main__:extract_combined_features:103 - Processed 110000 tokens...
2025-11-27 14:15:36.899 | INFO     | __main__:extract_combined_features:103 - Processed 120000 tokens...
2025-11-27 14:15:36.954 | INFO     | __main__:extract_combined_features:103 - Processed 130000 tokens...
2025-11-27 14:15:37.127 | INFO     | __main__:extract_combined_features:103 - Processed 140000 tokens...
2025-11-27 14:15:37.185 | INFO     | __main__:extract_combined_features:103 - Processed 150000 tokens...
2025-11-27 14:15:37.242 | INFO     | __main__:extract_combined_features:103 - Processed 160000 tokens...
2025-11-27 14:15:37.300 | INFO     | __main__:extract_combined_features:103 - Processed 170000 tokens...
2025-11-27 14:15:37.357 | INFO     | __main__:extract_combined_features:103 - Processed 180000 tokens...
2025-11-27 14:15:37.415 | INFO     | __main__:extract_combined_features:103 - Processed 190000 tokens...
2025-11-27 14:15:37.474 | INFO     | __main__:extract_combined_features:103 - Processed 200000 tokens...
2025-11-27 14:15:37.495 | INFO     | __main__:extract_combined_features:108 - Vectorizing traditional features...
2025-11-27 14:15:37.840 | INFO     | __main__:extract_combined_features:117 - Combining traditional features with word embeddings...
2025-11-27 14:15:42.836 | INFO     | __main__:extract_combined_features:124 - Feature extraction completed. Feature matrix shape: (203621, 23923)
2025-11-27 14:15:42.888 | INFO     | __main__:run_feature_ablation_experiment:346 - Extracting development features...
2025-11-27 14:15:42.888 | INFO     | __main__:extract_combined_features:42 - Starting feature extraction from ./data/conll2003/conll2003.dev.conll
2025-11-27 14:15:42.888 | INFO     | __main__:extract_combined_features:43 - Active features: {'embeddings': True, 'token': True, 'pos': False, 'case': False, 'digits': False, 'position': False, 'prev_pos': False}
2025-11-27 14:15:42.888 | INFO     | __main__:extract_combined_features:64 - Reading and processing file...
2025-11-27 14:15:42.949 | INFO     | __main__:extract_combined_features:103 - Processed 10000 tokens...
2025-11-27 14:15:43.003 | INFO     | __main__:extract_combined_features:103 - Processed 20000 tokens...
2025-11-27 14:15:43.058 | INFO     | __main__:extract_combined_features:103 - Processed 30000 tokens...
2025-11-27 14:15:43.110 | INFO     | __main__:extract_combined_features:103 - Processed 40000 tokens...
2025-11-27 14:15:43.165 | INFO     | __main__:extract_combined_features:103 - Processed 50000 tokens...
2025-11-27 14:15:43.172 | INFO     | __main__:extract_combined_features:108 - Vectorizing traditional features...
2025-11-27 14:15:43.252 | INFO     | __main__:extract_combined_features:117 - Combining traditional features with word embeddings...
2025-11-27 14:15:44.516 | INFO     | __main__:extract_combined_features:124 - Feature extraction completed. Feature matrix shape: (51362, 23923)
2025-11-27 14:15:44.525 | INFO     | __main__:run_feature_ablation_experiment:358 - Training SVM model...
2025-11-27 14:45:02.731 | INFO     | __main__:run_feature_ablation_experiment:363 - Making predictions...
2025-11-27 14:45:02.785 | INFO     | __main__:run_feature_ablation_experiment:367 - Evaluating embeddings_token combination...
2025-11-27 14:45:02.972 | INFO     | __main__:run_feature_ablation_experiment:373 - Generating confusion matrix for embeddings_token...
2025-11-27 14:45:03.628 | SUCCESS  | __main__:run_feature_ablation_experiment:391 - Completed evaluation for embeddings_token
2025-11-27 14:45:03.628 | INFO     | __main__:run_feature_ablation_experiment:329 - 
Testing feature combination: embeddings_pos
2025-11-27 14:45:03.628 | INFO     | __main__:run_feature_ablation_experiment:339 - Extracting training features...
2025-11-27 14:45:03.628 | INFO     | __main__:extract_combined_features:42 - Starting feature extraction from ./data/conll2003/conll2003.train.conll
2025-11-27 14:45:03.628 | INFO     | __main__:extract_combined_features:43 - Active features: {'embeddings': True, 'token': False, 'pos': True, 'case': False, 'digits': False, 'position': False, 'prev_pos': False}
2025-11-27 14:45:03.628 | INFO     | __main__:extract_combined_features:64 - Reading and processing file...
2025-11-27 14:45:03.684 | INFO     | __main__:extract_combined_features:103 - Processed 10000 tokens...
2025-11-27 14:45:03.742 | INFO     | __main__:extract_combined_features:103 - Processed 20000 tokens...
2025-11-27 14:45:03.882 | INFO     | __main__:extract_combined_features:103 - Processed 30000 tokens...
2025-11-27 14:45:03.939 | INFO     | __main__:extract_combined_features:103 - Processed 40000 tokens...
2025-11-27 14:45:03.997 | INFO     | __main__:extract_combined_features:103 - Processed 50000 tokens...
2025-11-27 14:45:04.054 | INFO     | __main__:extract_combined_features:103 - Processed 60000 tokens...
2025-11-27 14:45:04.112 | INFO     | __main__:extract_combined_features:103 - Processed 70000 tokens...
2025-11-27 14:45:04.174 | INFO     | __main__:extract_combined_features:103 - Processed 80000 tokens...
2025-11-27 14:45:04.232 | INFO     | __main__:extract_combined_features:103 - Processed 90000 tokens...
2025-11-27 14:45:04.292 | INFO     | __main__:extract_combined_features:103 - Processed 100000 tokens...
2025-11-27 14:45:04.350 | INFO     | __main__:extract_combined_features:103 - Processed 110000 tokens...
2025-11-27 14:45:04.410 | INFO     | __main__:extract_combined_features:103 - Processed 120000 tokens...
2025-11-27 14:45:04.468 | INFO     | __main__:extract_combined_features:103 - Processed 130000 tokens...
2025-11-27 14:45:04.528 | INFO     | __main__:extract_combined_features:103 - Processed 140000 tokens...
2025-11-27 14:45:04.586 | INFO     | __main__:extract_combined_features:103 - Processed 150000 tokens...
2025-11-27 14:45:04.645 | INFO     | __main__:extract_combined_features:103 - Processed 160000 tokens...
2025-11-27 14:45:04.702 | INFO     | __main__:extract_combined_features:103 - Processed 170000 tokens...
2025-11-27 14:45:04.763 | INFO     | __main__:extract_combined_features:103 - Processed 180000 tokens...
2025-11-27 14:45:04.822 | INFO     | __main__:extract_combined_features:103 - Processed 190000 tokens...
2025-11-27 14:45:05.028 | INFO     | __main__:extract_combined_features:103 - Processed 200000 tokens...
2025-11-27 14:45:05.049 | INFO     | __main__:extract_combined_features:108 - Vectorizing traditional features...
2025-11-27 14:45:05.378 | INFO     | __main__:extract_combined_features:117 - Combining traditional features with word embeddings...
2025-11-27 14:45:10.549 | INFO     | __main__:extract_combined_features:124 - Feature extraction completed. Feature matrix shape: (203621, 345)
2025-11-27 14:45:10.634 | INFO     | __main__:run_feature_ablation_experiment:346 - Extracting development features...
2025-11-27 14:45:10.634 | INFO     | __main__:extract_combined_features:42 - Starting feature extraction from ./data/conll2003/conll2003.dev.conll
2025-11-27 14:45:10.635 | INFO     | __main__:extract_combined_features:43 - Active features: {'embeddings': True, 'token': False, 'pos': True, 'case': False, 'digits': False, 'position': False, 'prev_pos': False}
2025-11-27 14:45:10.635 | INFO     | __main__:extract_combined_features:64 - Reading and processing file...
2025-11-27 14:45:10.693 | INFO     | __main__:extract_combined_features:103 - Processed 10000 tokens...
2025-11-27 14:45:10.749 | INFO     | __main__:extract_combined_features:103 - Processed 20000 tokens...
2025-11-27 14:45:10.807 | INFO     | __main__:extract_combined_features:103 - Processed 30000 tokens...
2025-11-27 14:45:10.863 | INFO     | __main__:extract_combined_features:103 - Processed 40000 tokens...
2025-11-27 14:45:10.922 | INFO     | __main__:extract_combined_features:103 - Processed 50000 tokens...
2025-11-27 14:45:10.930 | INFO     | __main__:extract_combined_features:108 - Vectorizing traditional features...
2025-11-27 14:45:11.015 | INFO     | __main__:extract_combined_features:117 - Combining traditional features with word embeddings...
2025-11-27 14:45:12.724 | INFO     | __main__:extract_combined_features:124 - Feature extraction completed. Feature matrix shape: (51362, 345)
2025-11-27 14:45:12.747 | INFO     | __main__:run_feature_ablation_experiment:358 - Training SVM model...
2025-11-27 14:48:27.478 | INFO     | __main__:run_feature_ablation_experiment:363 - Making predictions...
2025-11-27 14:48:27.526 | INFO     | __main__:run_feature_ablation_experiment:367 - Evaluating embeddings_pos combination...
2025-11-27 14:48:27.690 | INFO     | __main__:run_feature_ablation_experiment:373 - Generating confusion matrix for embeddings_pos...
2025-11-27 14:48:27.994 | SUCCESS  | __main__:run_feature_ablation_experiment:391 - Completed evaluation for embeddings_pos
2025-11-27 14:48:27.994 | INFO     | __main__:run_feature_ablation_experiment:329 - 
Testing feature combination: embeddings_case
2025-11-27 14:48:27.994 | INFO     | __main__:run_feature_ablation_experiment:339 - Extracting training features...
2025-11-27 14:48:27.994 | INFO     | __main__:extract_combined_features:42 - Starting feature extraction from ./data/conll2003/conll2003.train.conll
2025-11-27 14:48:27.994 | INFO     | __main__:extract_combined_features:43 - Active features: {'embeddings': True, 'token': False, 'pos': False, 'case': True, 'digits': False, 'position': False, 'prev_pos': False}
2025-11-27 14:48:27.994 | INFO     | __main__:extract_combined_features:64 - Reading and processing file...
2025-11-27 14:48:28.052 | INFO     | __main__:extract_combined_features:103 - Processed 10000 tokens...
2025-11-27 14:48:28.117 | INFO     | __main__:extract_combined_features:103 - Processed 20000 tokens...
2025-11-27 14:48:28.181 | INFO     | __main__:extract_combined_features:103 - Processed 30000 tokens...
2025-11-27 14:48:28.239 | INFO     | __main__:extract_combined_features:103 - Processed 40000 tokens...
2025-11-27 14:48:28.297 | INFO     | __main__:extract_combined_features:103 - Processed 50000 tokens...
2025-11-27 14:48:28.356 | INFO     | __main__:extract_combined_features:103 - Processed 60000 tokens...
2025-11-27 14:48:28.413 | INFO     | __main__:extract_combined_features:103 - Processed 70000 tokens...
2025-11-27 14:48:28.472 | INFO     | __main__:extract_combined_features:103 - Processed 80000 tokens...
2025-11-27 14:48:28.530 | INFO     | __main__:extract_combined_features:103 - Processed 90000 tokens...
2025-11-27 14:48:28.588 | INFO     | __main__:extract_combined_features:103 - Processed 100000 tokens...
2025-11-27 14:48:28.647 | INFO     | __main__:extract_combined_features:103 - Processed 110000 tokens...
2025-11-27 14:48:28.707 | INFO     | __main__:extract_combined_features:103 - Processed 120000 tokens...
2025-11-27 14:48:28.887 | INFO     | __main__:extract_combined_features:103 - Processed 130000 tokens...
2025-11-27 14:48:28.946 | INFO     | __main__:extract_combined_features:103 - Processed 140000 tokens...
2025-11-27 14:48:29.003 | INFO     | __main__:extract_combined_features:103 - Processed 150000 tokens...
2025-11-27 14:48:29.063 | INFO     | __main__:extract_combined_features:103 - Processed 160000 tokens...
2025-11-27 14:48:29.144 | INFO     | __main__:extract_combined_features:103 - Processed 170000 tokens...
2025-11-27 14:48:29.208 | INFO     | __main__:extract_combined_features:103 - Processed 180000 tokens...
2025-11-27 14:48:29.268 | INFO     | __main__:extract_combined_features:103 - Processed 190000 tokens...
2025-11-27 14:48:29.331 | INFO     | __main__:extract_combined_features:103 - Processed 200000 tokens...
2025-11-27 14:48:29.352 | INFO     | __main__:extract_combined_features:108 - Vectorizing traditional features...
2025-11-27 14:48:29.689 | INFO     | __main__:extract_combined_features:117 - Combining traditional features with word embeddings...
2025-11-27 14:48:35.931 | INFO     | __main__:extract_combined_features:124 - Feature extraction completed. Feature matrix shape: (203621, 302)
2025-11-27 14:48:36.012 | INFO     | __main__:run_feature_ablation_experiment:346 - Extracting development features...
2025-11-27 14:48:36.012 | INFO     | __main__:extract_combined_features:42 - Starting feature extraction from ./data/conll2003/conll2003.dev.conll
2025-11-27 14:48:36.013 | INFO     | __main__:extract_combined_features:43 - Active features: {'embeddings': True, 'token': False, 'pos': False, 'case': True, 'digits': False, 'position': False, 'prev_pos': False}
2025-11-27 14:48:36.013 | INFO     | __main__:extract_combined_features:64 - Reading and processing file...
2025-11-27 14:48:36.076 | INFO     | __main__:extract_combined_features:103 - Processed 10000 tokens...
2025-11-27 14:48:36.131 | INFO     | __main__:extract_combined_features:103 - Processed 20000 tokens...
2025-11-27 14:48:36.187 | INFO     | __main__:extract_combined_features:103 - Processed 30000 tokens...
2025-11-27 14:48:36.241 | INFO     | __main__:extract_combined_features:103 - Processed 40000 tokens...
2025-11-27 14:48:36.299 | INFO     | __main__:extract_combined_features:103 - Processed 50000 tokens...
2025-11-27 14:48:36.306 | INFO     | __main__:extract_combined_features:108 - Vectorizing traditional features...
2025-11-27 14:48:36.384 | INFO     | __main__:extract_combined_features:117 - Combining traditional features with word embeddings...
2025-11-27 14:48:38.009 | INFO     | __main__:extract_combined_features:124 - Feature extraction completed. Feature matrix shape: (51362, 302)
2025-11-27 14:48:38.017 | INFO     | __main__:run_feature_ablation_experiment:358 - Training SVM model...
2025-11-27 14:49:01.392 | INFO     | __main__:run_feature_ablation_experiment:363 - Making predictions...
2025-11-27 14:49:01.440 | INFO     | __main__:run_feature_ablation_experiment:367 - Evaluating embeddings_case combination...
2025-11-27 14:49:01.621 | INFO     | __main__:run_feature_ablation_experiment:373 - Generating confusion matrix for embeddings_case...
2025-11-27 14:49:01.970 | SUCCESS  | __main__:run_feature_ablation_experiment:391 - Completed evaluation for embeddings_case
2025-11-27 14:49:01.970 | INFO     | __main__:run_feature_ablation_experiment:329 - 
Testing feature combination: embeddings_digits
2025-11-27 14:49:01.970 | INFO     | __main__:run_feature_ablation_experiment:339 - Extracting training features...
2025-11-27 14:49:01.970 | INFO     | __main__:extract_combined_features:42 - Starting feature extraction from ./data/conll2003/conll2003.train.conll
2025-11-27 14:49:01.970 | INFO     | __main__:extract_combined_features:43 - Active features: {'embeddings': True, 'token': False, 'pos': False, 'case': False, 'digits': True, 'position': False, 'prev_pos': False}
2025-11-27 14:49:01.970 | INFO     | __main__:extract_combined_features:64 - Reading and processing file...
2025-11-27 14:49:02.137 | INFO     | __main__:extract_combined_features:103 - Processed 10000 tokens...
2025-11-27 14:49:02.304 | INFO     | __main__:extract_combined_features:103 - Processed 20000 tokens...
2025-11-27 14:49:02.461 | INFO     | __main__:extract_combined_features:103 - Processed 30000 tokens...
2025-11-27 14:49:02.718 | INFO     | __main__:extract_combined_features:103 - Processed 40000 tokens...
2025-11-27 14:49:02.896 | INFO     | __main__:extract_combined_features:103 - Processed 50000 tokens...
2025-11-27 14:49:03.061 | INFO     | __main__:extract_combined_features:103 - Processed 60000 tokens...
2025-11-27 14:49:03.229 | INFO     | __main__:extract_combined_features:103 - Processed 70000 tokens...
2025-11-27 14:49:03.392 | INFO     | __main__:extract_combined_features:103 - Processed 80000 tokens...
2025-11-27 14:49:03.560 | INFO     | __main__:extract_combined_features:103 - Processed 90000 tokens...
2025-11-27 14:49:03.714 | INFO     | __main__:extract_combined_features:103 - Processed 100000 tokens...
2025-11-27 14:49:03.882 | INFO     | __main__:extract_combined_features:103 - Processed 110000 tokens...
2025-11-27 14:49:04.039 | INFO     | __main__:extract_combined_features:103 - Processed 120000 tokens...
2025-11-27 14:49:04.198 | INFO     | __main__:extract_combined_features:103 - Processed 130000 tokens...
2025-11-27 14:49:04.364 | INFO     | __main__:extract_combined_features:103 - Processed 140000 tokens...
2025-11-27 14:49:04.518 | INFO     | __main__:extract_combined_features:103 - Processed 150000 tokens...
2025-11-27 14:49:04.681 | INFO     | __main__:extract_combined_features:103 - Processed 160000 tokens...
2025-11-27 14:49:04.848 | INFO     | __main__:extract_combined_features:103 - Processed 170000 tokens...
2025-11-27 14:49:05.003 | INFO     | __main__:extract_combined_features:103 - Processed 180000 tokens...
2025-11-27 14:49:05.166 | INFO     | __main__:extract_combined_features:103 - Processed 190000 tokens...
2025-11-27 14:49:05.331 | INFO     | __main__:extract_combined_features:103 - Processed 200000 tokens...
2025-11-27 14:49:05.389 | INFO     | __main__:extract_combined_features:108 - Vectorizing traditional features...
2025-11-27 14:49:05.781 | INFO     | __main__:extract_combined_features:117 - Combining traditional features with word embeddings...
2025-11-27 14:49:11.950 | INFO     | __main__:extract_combined_features:124 - Feature extraction completed. Feature matrix shape: (203621, 301)
2025-11-27 14:49:12.013 | INFO     | __main__:run_feature_ablation_experiment:346 - Extracting development features...
2025-11-27 14:49:12.014 | INFO     | __main__:extract_combined_features:42 - Starting feature extraction from ./data/conll2003/conll2003.dev.conll
2025-11-27 14:49:12.014 | INFO     | __main__:extract_combined_features:43 - Active features: {'embeddings': True, 'token': False, 'pos': False, 'case': False, 'digits': True, 'position': False, 'prev_pos': False}
2025-11-27 14:49:12.014 | INFO     | __main__:extract_combined_features:64 - Reading and processing file...
2025-11-27 14:49:12.170 | INFO     | __main__:extract_combined_features:103 - Processed 10000 tokens...
2025-11-27 14:49:12.401 | INFO     | __main__:extract_combined_features:103 - Processed 20000 tokens...
2025-11-27 14:49:12.560 | INFO     | __main__:extract_combined_features:103 - Processed 30000 tokens...
2025-11-27 14:49:12.713 | INFO     | __main__:extract_combined_features:103 - Processed 40000 tokens...
2025-11-27 14:49:12.867 | INFO     | __main__:extract_combined_features:103 - Processed 50000 tokens...
2025-11-27 14:49:12.889 | INFO     | __main__:extract_combined_features:108 - Vectorizing traditional features...
2025-11-27 14:49:12.985 | INFO     | __main__:extract_combined_features:117 - Combining traditional features with word embeddings...
2025-11-27 14:49:14.225 | INFO     | __main__:extract_combined_features:124 - Feature extraction completed. Feature matrix shape: (51362, 301)
2025-11-27 14:49:14.235 | INFO     | __main__:run_feature_ablation_experiment:358 - Training SVM model...
2025-11-27 14:49:43.639 | INFO     | __main__:run_feature_ablation_experiment:363 - Making predictions...
2025-11-27 14:49:43.686 | INFO     | __main__:run_feature_ablation_experiment:367 - Evaluating embeddings_digits combination...
2025-11-27 14:49:43.877 | INFO     | __main__:run_feature_ablation_experiment:373 - Generating confusion matrix for embeddings_digits...
2025-11-27 14:49:44.213 | SUCCESS  | __main__:run_feature_ablation_experiment:391 - Completed evaluation for embeddings_digits
2025-11-27 14:49:44.213 | INFO     | __main__:run_feature_ablation_experiment:329 - 
Testing feature combination: embeddings_position
2025-11-27 14:49:44.213 | INFO     | __main__:run_feature_ablation_experiment:339 - Extracting training features...
2025-11-27 14:49:44.213 | INFO     | __main__:extract_combined_features:42 - Starting feature extraction from ./data/conll2003/conll2003.train.conll
2025-11-27 14:49:44.213 | INFO     | __main__:extract_combined_features:43 - Active features: {'embeddings': True, 'token': False, 'pos': False, 'case': False, 'digits': False, 'position': True, 'prev_pos': False}
2025-11-27 14:49:44.213 | INFO     | __main__:extract_combined_features:64 - Reading and processing file...
2025-11-27 14:49:44.282 | INFO     | __main__:extract_combined_features:103 - Processed 10000 tokens...
2025-11-27 14:49:44.336 | INFO     | __main__:extract_combined_features:103 - Processed 20000 tokens...
2025-11-27 14:49:44.393 | INFO     | __main__:extract_combined_features:103 - Processed 30000 tokens...
2025-11-27 14:49:44.458 | INFO     | __main__:extract_combined_features:103 - Processed 40000 tokens...
2025-11-27 14:49:44.516 | INFO     | __main__:extract_combined_features:103 - Processed 50000 tokens...
2025-11-27 14:49:44.571 | INFO     | __main__:extract_combined_features:103 - Processed 60000 tokens...
2025-11-27 14:49:44.627 | INFO     | __main__:extract_combined_features:103 - Processed 70000 tokens...
2025-11-27 14:49:44.682 | INFO     | __main__:extract_combined_features:103 - Processed 80000 tokens...
2025-11-27 14:49:44.744 | INFO     | __main__:extract_combined_features:103 - Processed 90000 tokens...
2025-11-27 14:49:44.797 | INFO     | __main__:extract_combined_features:103 - Processed 100000 tokens...
2025-11-27 14:49:44.988 | INFO     | __main__:extract_combined_features:103 - Processed 110000 tokens...
2025-11-27 14:49:45.040 | INFO     | __main__:extract_combined_features:103 - Processed 120000 tokens...
2025-11-27 14:49:45.103 | INFO     | __main__:extract_combined_features:103 - Processed 130000 tokens...
2025-11-27 14:49:45.156 | INFO     | __main__:extract_combined_features:103 - Processed 140000 tokens...
2025-11-27 14:49:45.213 | INFO     | __main__:extract_combined_features:103 - Processed 150000 tokens...
2025-11-27 14:49:45.266 | INFO     | __main__:extract_combined_features:103 - Processed 160000 tokens...
2025-11-27 14:49:45.323 | INFO     | __main__:extract_combined_features:103 - Processed 170000 tokens...
2025-11-27 14:49:45.386 | INFO     | __main__:extract_combined_features:103 - Processed 180000 tokens...
2025-11-27 14:49:45.444 | INFO     | __main__:extract_combined_features:103 - Processed 190000 tokens...
2025-11-27 14:49:45.498 | INFO     | __main__:extract_combined_features:103 - Processed 200000 tokens...
2025-11-27 14:49:45.527 | INFO     | __main__:extract_combined_features:108 - Vectorizing traditional features...
2025-11-27 14:49:45.922 | INFO     | __main__:extract_combined_features:117 - Combining traditional features with word embeddings...
2025-11-27 14:49:52.152 | INFO     | __main__:extract_combined_features:124 - Feature extraction completed. Feature matrix shape: (203621, 301)
2025-11-27 14:49:52.218 | INFO     | __main__:run_feature_ablation_experiment:346 - Extracting development features...
2025-11-27 14:49:52.219 | INFO     | __main__:extract_combined_features:42 - Starting feature extraction from ./data/conll2003/conll2003.dev.conll
2025-11-27 14:49:52.219 | INFO     | __main__:extract_combined_features:43 - Active features: {'embeddings': True, 'token': False, 'pos': False, 'case': False, 'digits': False, 'position': True, 'prev_pos': False}
2025-11-27 14:49:52.219 | INFO     | __main__:extract_combined_features:64 - Reading and processing file...
2025-11-27 14:49:52.280 | INFO     | __main__:extract_combined_features:103 - Processed 10000 tokens...
2025-11-27 14:49:52.335 | INFO     | __main__:extract_combined_features:103 - Processed 20000 tokens...
2025-11-27 14:49:52.388 | INFO     | __main__:extract_combined_features:103 - Processed 30000 tokens...
2025-11-27 14:49:52.442 | INFO     | __main__:extract_combined_features:103 - Processed 40000 tokens...
2025-11-27 14:49:52.494 | INFO     | __main__:extract_combined_features:103 - Processed 50000 tokens...
2025-11-27 14:49:52.503 | INFO     | __main__:extract_combined_features:108 - Vectorizing traditional features...
2025-11-27 14:49:52.599 | INFO     | __main__:extract_combined_features:117 - Combining traditional features with word embeddings...
2025-11-27 14:49:53.848 | INFO     | __main__:extract_combined_features:124 - Feature extraction completed. Feature matrix shape: (51362, 301)
2025-11-27 14:49:53.860 | INFO     | __main__:run_feature_ablation_experiment:358 - Training SVM model...
2025-11-27 14:50:34.909 | INFO     | __main__:run_feature_ablation_experiment:363 - Making predictions...
2025-11-27 14:50:34.966 | INFO     | __main__:run_feature_ablation_experiment:367 - Evaluating embeddings_position combination...
2025-11-27 14:50:35.193 | INFO     | __main__:run_feature_ablation_experiment:373 - Generating confusion matrix for embeddings_position...
2025-11-27 14:50:35.488 | SUCCESS  | __main__:run_feature_ablation_experiment:391 - Completed evaluation for embeddings_position
2025-11-27 14:50:35.488 | INFO     | __main__:run_feature_ablation_experiment:329 - 
Testing feature combination: embeddings_prev_pos
2025-11-27 14:50:35.488 | INFO     | __main__:run_feature_ablation_experiment:339 - Extracting training features...
2025-11-27 14:50:35.488 | INFO     | __main__:extract_combined_features:42 - Starting feature extraction from ./data/conll2003/conll2003.train.conll
2025-11-27 14:50:35.489 | INFO     | __main__:extract_combined_features:43 - Active features: {'embeddings': True, 'token': False, 'pos': False, 'case': False, 'digits': False, 'position': False, 'prev_pos': True}
2025-11-27 14:50:35.489 | INFO     | __main__:extract_combined_features:64 - Reading and processing file...
2025-11-27 14:50:35.622 | INFO     | __main__:extract_combined_features:103 - Processed 10000 tokens...
2025-11-27 14:50:35.678 | INFO     | __main__:extract_combined_features:103 - Processed 20000 tokens...
2025-11-27 14:50:35.733 | INFO     | __main__:extract_combined_features:103 - Processed 30000 tokens...
2025-11-27 14:50:35.788 | INFO     | __main__:extract_combined_features:103 - Processed 40000 tokens...
2025-11-27 14:50:35.843 | INFO     | __main__:extract_combined_features:103 - Processed 50000 tokens...
2025-11-27 14:50:35.898 | INFO     | __main__:extract_combined_features:103 - Processed 60000 tokens...
2025-11-27 14:50:35.956 | INFO     | __main__:extract_combined_features:103 - Processed 70000 tokens...
2025-11-27 14:50:36.010 | INFO     | __main__:extract_combined_features:103 - Processed 80000 tokens...
2025-11-27 14:50:36.074 | INFO     | __main__:extract_combined_features:103 - Processed 90000 tokens...
2025-11-27 14:50:36.135 | INFO     | __main__:extract_combined_features:103 - Processed 100000 tokens...
2025-11-27 14:50:36.211 | INFO     | __main__:extract_combined_features:103 - Processed 110000 tokens...
2025-11-27 14:50:36.269 | INFO     | __main__:extract_combined_features:103 - Processed 120000 tokens...
2025-11-27 14:50:36.329 | INFO     | __main__:extract_combined_features:103 - Processed 130000 tokens...
2025-11-27 14:50:36.393 | INFO     | __main__:extract_combined_features:103 - Processed 140000 tokens...
2025-11-27 14:50:36.451 | INFO     | __main__:extract_combined_features:103 - Processed 150000 tokens...
2025-11-27 14:50:36.505 | INFO     | __main__:extract_combined_features:103 - Processed 160000 tokens...
2025-11-27 14:50:36.561 | INFO     | __main__:extract_combined_features:103 - Processed 170000 tokens...
2025-11-27 14:50:36.617 | INFO     | __main__:extract_combined_features:103 - Processed 180000 tokens...
2025-11-27 14:50:36.860 | INFO     | __main__:extract_combined_features:103 - Processed 190000 tokens...
2025-11-27 14:50:36.917 | INFO     | __main__:extract_combined_features:103 - Processed 200000 tokens...
2025-11-27 14:50:36.942 | INFO     | __main__:extract_combined_features:108 - Vectorizing traditional features...
2025-11-27 14:50:37.272 | INFO     | __main__:extract_combined_features:117 - Combining traditional features with word embeddings...
2025-11-27 14:50:42.988 | INFO     | __main__:extract_combined_features:124 - Feature extraction completed. Feature matrix shape: (203621, 346)
2025-11-27 14:50:43.059 | INFO     | __main__:run_feature_ablation_experiment:346 - Extracting development features...
2025-11-27 14:50:43.059 | INFO     | __main__:extract_combined_features:42 - Starting feature extraction from ./data/conll2003/conll2003.dev.conll
2025-11-27 14:50:43.059 | INFO     | __main__:extract_combined_features:43 - Active features: {'embeddings': True, 'token': False, 'pos': False, 'case': False, 'digits': False, 'position': False, 'prev_pos': True}
2025-11-27 14:50:43.059 | INFO     | __main__:extract_combined_features:64 - Reading and processing file...
2025-11-27 14:50:43.125 | INFO     | __main__:extract_combined_features:103 - Processed 10000 tokens...
2025-11-27 14:50:43.180 | INFO     | __main__:extract_combined_features:103 - Processed 20000 tokens...
2025-11-27 14:50:43.233 | INFO     | __main__:extract_combined_features:103 - Processed 30000 tokens...
2025-11-27 14:50:43.289 | INFO     | __main__:extract_combined_features:103 - Processed 40000 tokens...
2025-11-27 14:50:43.350 | INFO     | __main__:extract_combined_features:103 - Processed 50000 tokens...
2025-11-27 14:50:43.358 | INFO     | __main__:extract_combined_features:108 - Vectorizing traditional features...
2025-11-27 14:50:43.437 | INFO     | __main__:extract_combined_features:117 - Combining traditional features with word embeddings...
2025-11-27 14:50:44.579 | INFO     | __main__:extract_combined_features:124 - Feature extraction completed. Feature matrix shape: (51362, 346)
2025-11-27 14:50:44.592 | INFO     | __main__:run_feature_ablation_experiment:358 - Training SVM model...
2025-11-27 14:51:18.402 | INFO     | __main__:run_feature_ablation_experiment:363 - Making predictions...
2025-11-27 14:51:18.452 | INFO     | __main__:run_feature_ablation_experiment:367 - Evaluating embeddings_prev_pos combination...
2025-11-27 14:51:18.618 | INFO     | __main__:run_feature_ablation_experiment:373 - Generating confusion matrix for embeddings_prev_pos...
2025-11-27 14:51:18.922 | SUCCESS  | __main__:run_feature_ablation_experiment:391 - Completed evaluation for embeddings_prev_pos
2025-11-27 14:51:18.923 | INFO     | __main__:run_feature_ablation_experiment:329 - 
Testing feature combination: embeddings_token_pos
2025-11-27 14:51:18.923 | INFO     | __main__:run_feature_ablation_experiment:339 - Extracting training features...
2025-11-27 14:51:18.923 | INFO     | __main__:extract_combined_features:42 - Starting feature extraction from ./data/conll2003/conll2003.train.conll
2025-11-27 14:51:18.923 | INFO     | __main__:extract_combined_features:43 - Active features: {'embeddings': True, 'token': True, 'pos': True, 'case': False, 'digits': False, 'position': False, 'prev_pos': False}
2025-11-27 14:51:18.923 | INFO     | __main__:extract_combined_features:64 - Reading and processing file...
2025-11-27 14:51:18.985 | INFO     | __main__:extract_combined_features:103 - Processed 10000 tokens...
2025-11-27 14:51:19.041 | INFO     | __main__:extract_combined_features:103 - Processed 20000 tokens...
2025-11-27 14:51:19.098 | INFO     | __main__:extract_combined_features:103 - Processed 30000 tokens...
2025-11-27 14:51:19.154 | INFO     | __main__:extract_combined_features:103 - Processed 40000 tokens...
2025-11-27 14:51:19.210 | INFO     | __main__:extract_combined_features:103 - Processed 50000 tokens...
2025-11-27 14:51:19.264 | INFO     | __main__:extract_combined_features:103 - Processed 60000 tokens...
2025-11-27 14:51:19.321 | INFO     | __main__:extract_combined_features:103 - Processed 70000 tokens...
2025-11-27 14:51:19.375 | INFO     | __main__:extract_combined_features:103 - Processed 80000 tokens...
2025-11-27 14:51:19.436 | INFO     | __main__:extract_combined_features:103 - Processed 90000 tokens...
2025-11-27 14:51:19.492 | INFO     | __main__:extract_combined_features:103 - Processed 100000 tokens...
2025-11-27 14:51:19.696 | INFO     | __main__:extract_combined_features:103 - Processed 110000 tokens...
2025-11-27 14:51:19.753 | INFO     | __main__:extract_combined_features:103 - Processed 120000 tokens...
2025-11-27 14:51:19.810 | INFO     | __main__:extract_combined_features:103 - Processed 130000 tokens...
2025-11-27 14:51:19.865 | INFO     | __main__:extract_combined_features:103 - Processed 140000 tokens...
2025-11-27 14:51:19.922 | INFO     | __main__:extract_combined_features:103 - Processed 150000 tokens...
2025-11-27 14:51:19.978 | INFO     | __main__:extract_combined_features:103 - Processed 160000 tokens...
2025-11-27 14:51:20.042 | INFO     | __main__:extract_combined_features:103 - Processed 170000 tokens...
2025-11-27 14:51:20.103 | INFO     | __main__:extract_combined_features:103 - Processed 180000 tokens...
2025-11-27 14:51:20.161 | INFO     | __main__:extract_combined_features:103 - Processed 190000 tokens...
2025-11-27 14:51:20.220 | INFO     | __main__:extract_combined_features:103 - Processed 200000 tokens...
2025-11-27 14:51:20.243 | INFO     | __main__:extract_combined_features:108 - Vectorizing traditional features...
2025-11-27 14:51:20.858 | INFO     | __main__:extract_combined_features:117 - Combining traditional features with word embeddings...
2025-11-27 14:51:26.781 | INFO     | __main__:extract_combined_features:124 - Feature extraction completed. Feature matrix shape: (203621, 23968)
2025-11-27 14:51:26.860 | INFO     | __main__:run_feature_ablation_experiment:346 - Extracting development features...
2025-11-27 14:51:26.861 | INFO     | __main__:extract_combined_features:42 - Starting feature extraction from ./data/conll2003/conll2003.dev.conll
2025-11-27 14:51:26.861 | INFO     | __main__:extract_combined_features:43 - Active features: {'embeddings': True, 'token': True, 'pos': True, 'case': False, 'digits': False, 'position': False, 'prev_pos': False}
2025-11-27 14:51:26.861 | INFO     | __main__:extract_combined_features:64 - Reading and processing file...
2025-11-27 14:51:26.921 | INFO     | __main__:extract_combined_features:103 - Processed 10000 tokens...
2025-11-27 14:51:26.982 | INFO     | __main__:extract_combined_features:103 - Processed 20000 tokens...
2025-11-27 14:51:27.038 | INFO     | __main__:extract_combined_features:103 - Processed 30000 tokens...
2025-11-27 14:51:27.093 | INFO     | __main__:extract_combined_features:103 - Processed 40000 tokens...
2025-11-27 14:51:27.158 | INFO     | __main__:extract_combined_features:103 - Processed 50000 tokens...
2025-11-27 14:51:27.166 | INFO     | __main__:extract_combined_features:108 - Vectorizing traditional features...
2025-11-27 14:51:27.300 | INFO     | __main__:extract_combined_features:117 - Combining traditional features with word embeddings...
2025-11-27 14:51:28.822 | INFO     | __main__:extract_combined_features:124 - Feature extraction completed. Feature matrix shape: (51362, 23968)
2025-11-27 14:51:28.837 | INFO     | __main__:run_feature_ablation_experiment:358 - Training SVM model...
2025-11-27 15:22:21.591 | INFO     | __main__:run_feature_ablation_experiment:363 - Making predictions...
2025-11-27 15:22:21.644 | INFO     | __main__:run_feature_ablation_experiment:367 - Evaluating embeddings_token_pos combination...
2025-11-27 15:22:21.820 | INFO     | __main__:run_feature_ablation_experiment:373 - Generating confusion matrix for embeddings_token_pos...
2025-11-27 15:22:22.131 | SUCCESS  | __main__:run_feature_ablation_experiment:391 - Completed evaluation for embeddings_token_pos
2025-11-27 15:22:22.132 | INFO     | __main__:run_feature_ablation_experiment:329 - 
Testing feature combination: embeddings_token_case
2025-11-27 15:22:22.132 | INFO     | __main__:run_feature_ablation_experiment:339 - Extracting training features...
2025-11-27 15:22:22.132 | INFO     | __main__:extract_combined_features:42 - Starting feature extraction from ./data/conll2003/conll2003.train.conll
2025-11-27 15:22:22.132 | INFO     | __main__:extract_combined_features:43 - Active features: {'embeddings': True, 'token': True, 'pos': False, 'case': True, 'digits': False, 'position': False, 'prev_pos': False}
2025-11-27 15:22:22.132 | INFO     | __main__:extract_combined_features:64 - Reading and processing file...
2025-11-27 15:22:22.273 | INFO     | __main__:extract_combined_features:103 - Processed 10000 tokens...
2025-11-27 15:22:22.332 | INFO     | __main__:extract_combined_features:103 - Processed 20000 tokens...
2025-11-27 15:22:22.393 | INFO     | __main__:extract_combined_features:103 - Processed 30000 tokens...
2025-11-27 15:22:22.454 | INFO     | __main__:extract_combined_features:103 - Processed 40000 tokens...
2025-11-27 15:22:22.515 | INFO     | __main__:extract_combined_features:103 - Processed 50000 tokens...
2025-11-27 15:22:22.576 | INFO     | __main__:extract_combined_features:103 - Processed 60000 tokens...
2025-11-27 15:22:22.641 | INFO     | __main__:extract_combined_features:103 - Processed 70000 tokens...
2025-11-27 15:22:22.699 | INFO     | __main__:extract_combined_features:103 - Processed 80000 tokens...
2025-11-27 15:22:22.755 | INFO     | __main__:extract_combined_features:103 - Processed 90000 tokens...
2025-11-27 15:22:22.837 | INFO     | __main__:extract_combined_features:103 - Processed 100000 tokens...
2025-11-27 15:22:22.896 | INFO     | __main__:extract_combined_features:103 - Processed 110000 tokens...
2025-11-27 15:22:22.957 | INFO     | __main__:extract_combined_features:103 - Processed 120000 tokens...
2025-11-27 15:22:23.016 | INFO     | __main__:extract_combined_features:103 - Processed 130000 tokens...
2025-11-27 15:22:23.076 | INFO     | __main__:extract_combined_features:103 - Processed 140000 tokens...
2025-11-27 15:22:23.136 | INFO     | __main__:extract_combined_features:103 - Processed 150000 tokens...
2025-11-27 15:22:23.196 | INFO     | __main__:extract_combined_features:103 - Processed 160000 tokens...
2025-11-27 15:22:23.256 | INFO     | __main__:extract_combined_features:103 - Processed 170000 tokens...
2025-11-27 15:22:23.464 | INFO     | __main__:extract_combined_features:103 - Processed 180000 tokens...
2025-11-27 15:22:23.522 | INFO     | __main__:extract_combined_features:103 - Processed 190000 tokens...
2025-11-27 15:22:23.582 | INFO     | __main__:extract_combined_features:103 - Processed 200000 tokens...
2025-11-27 15:22:23.603 | INFO     | __main__:extract_combined_features:108 - Vectorizing traditional features...
2025-11-27 15:22:24.206 | INFO     | __main__:extract_combined_features:117 - Combining traditional features with word embeddings...
2025-11-27 15:22:30.223 | INFO     | __main__:extract_combined_features:124 - Feature extraction completed. Feature matrix shape: (203621, 23925)
2025-11-27 15:22:30.312 | INFO     | __main__:run_feature_ablation_experiment:346 - Extracting development features...
2025-11-27 15:22:30.312 | INFO     | __main__:extract_combined_features:42 - Starting feature extraction from ./data/conll2003/conll2003.dev.conll
2025-11-27 15:22:30.312 | INFO     | __main__:extract_combined_features:43 - Active features: {'embeddings': True, 'token': True, 'pos': False, 'case': True, 'digits': False, 'position': False, 'prev_pos': False}
2025-11-27 15:22:30.312 | INFO     | __main__:extract_combined_features:64 - Reading and processing file...
2025-11-27 15:22:30.372 | INFO     | __main__:extract_combined_features:103 - Processed 10000 tokens...
2025-11-27 15:22:30.438 | INFO     | __main__:extract_combined_features:103 - Processed 20000 tokens...
2025-11-27 15:22:30.499 | INFO     | __main__:extract_combined_features:103 - Processed 30000 tokens...
2025-11-27 15:22:30.557 | INFO     | __main__:extract_combined_features:103 - Processed 40000 tokens...
2025-11-27 15:22:30.618 | INFO     | __main__:extract_combined_features:103 - Processed 50000 tokens...
2025-11-27 15:22:30.625 | INFO     | __main__:extract_combined_features:108 - Vectorizing traditional features...
2025-11-27 15:22:30.768 | INFO     | __main__:extract_combined_features:117 - Combining traditional features with word embeddings...
2025-11-27 15:22:32.202 | INFO     | __main__:extract_combined_features:124 - Feature extraction completed. Feature matrix shape: (51362, 23925)
2025-11-27 15:22:32.221 | INFO     | __main__:run_feature_ablation_experiment:358 - Training SVM model...
2025-11-27 15:48:20.054 | INFO     | __main__:run_feature_ablation_experiment:363 - Making predictions...
2025-11-27 15:48:20.103 | INFO     | __main__:run_feature_ablation_experiment:367 - Evaluating embeddings_token_case combination...
2025-11-27 15:48:20.275 | INFO     | __main__:run_feature_ablation_experiment:373 - Generating confusion matrix for embeddings_token_case...
2025-11-27 15:48:20.583 | SUCCESS  | __main__:run_feature_ablation_experiment:391 - Completed evaluation for embeddings_token_case
2025-11-27 15:48:20.583 | INFO     | __main__:run_feature_ablation_experiment:329 - 
Testing feature combination: embeddings_pos_case
2025-11-27 15:48:20.584 | INFO     | __main__:run_feature_ablation_experiment:339 - Extracting training features...
2025-11-27 15:48:20.584 | INFO     | __main__:extract_combined_features:42 - Starting feature extraction from ./data/conll2003/conll2003.train.conll
2025-11-27 15:48:20.584 | INFO     | __main__:extract_combined_features:43 - Active features: {'embeddings': True, 'token': False, 'pos': True, 'case': True, 'digits': False, 'position': False, 'prev_pos': False}
2025-11-27 15:48:20.584 | INFO     | __main__:extract_combined_features:64 - Reading and processing file...
2025-11-27 15:48:20.643 | INFO     | __main__:extract_combined_features:103 - Processed 10000 tokens...
2025-11-27 15:48:20.705 | INFO     | __main__:extract_combined_features:103 - Processed 20000 tokens...
2025-11-27 15:48:20.765 | INFO     | __main__:extract_combined_features:103 - Processed 30000 tokens...
2025-11-27 15:48:20.828 | INFO     | __main__:extract_combined_features:103 - Processed 40000 tokens...
2025-11-27 15:48:20.888 | INFO     | __main__:extract_combined_features:103 - Processed 50000 tokens...
2025-11-27 15:48:20.950 | INFO     | __main__:extract_combined_features:103 - Processed 60000 tokens...
2025-11-27 15:48:21.009 | INFO     | __main__:extract_combined_features:103 - Processed 70000 tokens...
2025-11-27 15:48:21.073 | INFO     | __main__:extract_combined_features:103 - Processed 80000 tokens...
2025-11-27 15:48:21.133 | INFO     | __main__:extract_combined_features:103 - Processed 90000 tokens...
2025-11-27 15:48:21.197 | INFO     | __main__:extract_combined_features:103 - Processed 100000 tokens...
2025-11-27 15:48:21.387 | INFO     | __main__:extract_combined_features:103 - Processed 110000 tokens...
2025-11-27 15:48:21.456 | INFO     | __main__:extract_combined_features:103 - Processed 120000 tokens...
2025-11-27 15:48:21.514 | INFO     | __main__:extract_combined_features:103 - Processed 130000 tokens...
2025-11-27 15:48:21.576 | INFO     | __main__:extract_combined_features:103 - Processed 140000 tokens...
2025-11-27 15:48:21.637 | INFO     | __main__:extract_combined_features:103 - Processed 150000 tokens...
2025-11-27 15:48:21.699 | INFO     | __main__:extract_combined_features:103 - Processed 160000 tokens...
2025-11-27 15:48:21.759 | INFO     | __main__:extract_combined_features:103 - Processed 170000 tokens...
2025-11-27 15:48:21.823 | INFO     | __main__:extract_combined_features:103 - Processed 180000 tokens...
2025-11-27 15:48:21.883 | INFO     | __main__:extract_combined_features:103 - Processed 190000 tokens...
2025-11-27 15:48:21.945 | INFO     | __main__:extract_combined_features:103 - Processed 200000 tokens...
2025-11-27 15:48:21.966 | INFO     | __main__:extract_combined_features:108 - Vectorizing traditional features...
2025-11-27 15:48:22.548 | INFO     | __main__:extract_combined_features:117 - Combining traditional features with word embeddings...
2025-11-27 15:48:29.103 | INFO     | __main__:extract_combined_features:124 - Feature extraction completed. Feature matrix shape: (203621, 347)
2025-11-27 15:48:29.186 | INFO     | __main__:run_feature_ablation_experiment:346 - Extracting development features...
2025-11-27 15:48:29.186 | INFO     | __main__:extract_combined_features:42 - Starting feature extraction from ./data/conll2003/conll2003.dev.conll
2025-11-27 15:48:29.187 | INFO     | __main__:extract_combined_features:43 - Active features: {'embeddings': True, 'token': False, 'pos': True, 'case': True, 'digits': False, 'position': False, 'prev_pos': False}
2025-11-27 15:48:29.187 | INFO     | __main__:extract_combined_features:64 - Reading and processing file...
2025-11-27 15:48:29.246 | INFO     | __main__:extract_combined_features:103 - Processed 10000 tokens...
2025-11-27 15:48:29.304 | INFO     | __main__:extract_combined_features:103 - Processed 20000 tokens...
2025-11-27 15:48:29.364 | INFO     | __main__:extract_combined_features:103 - Processed 30000 tokens...
2025-11-27 15:48:29.422 | INFO     | __main__:extract_combined_features:103 - Processed 40000 tokens...
2025-11-27 15:48:29.482 | INFO     | __main__:extract_combined_features:103 - Processed 50000 tokens...
2025-11-27 15:48:29.489 | INFO     | __main__:extract_combined_features:108 - Vectorizing traditional features...
2025-11-27 15:48:29.628 | INFO     | __main__:extract_combined_features:117 - Combining traditional features with word embeddings...
2025-11-27 15:48:31.512 | INFO     | __main__:extract_combined_features:124 - Feature extraction completed. Feature matrix shape: (51362, 347)
2025-11-27 15:48:31.529 | INFO     | __main__:run_feature_ablation_experiment:358 - Training SVM model...
2025-11-27 15:51:17.919 | INFO     | __main__:run_feature_ablation_experiment:363 - Making predictions...
2025-11-27 15:51:17.974 | INFO     | __main__:run_feature_ablation_experiment:367 - Evaluating embeddings_pos_case combination...
2025-11-27 15:51:18.145 | INFO     | __main__:run_feature_ablation_experiment:373 - Generating confusion matrix for embeddings_pos_case...
2025-11-27 15:51:18.457 | SUCCESS  | __main__:run_feature_ablation_experiment:391 - Completed evaluation for embeddings_pos_case
2025-11-27 15:51:18.457 | INFO     | __main__:run_feature_ablation_experiment:329 - 
Testing feature combination: embeddings_token_position
2025-11-27 15:51:18.457 | INFO     | __main__:run_feature_ablation_experiment:339 - Extracting training features...
2025-11-27 15:51:18.457 | INFO     | __main__:extract_combined_features:42 - Starting feature extraction from ./data/conll2003/conll2003.train.conll
2025-11-27 15:51:18.458 | INFO     | __main__:extract_combined_features:43 - Active features: {'embeddings': True, 'token': True, 'pos': False, 'case': False, 'digits': False, 'position': True, 'prev_pos': False}
2025-11-27 15:51:18.458 | INFO     | __main__:extract_combined_features:64 - Reading and processing file...
2025-11-27 15:51:18.511 | INFO     | __main__:extract_combined_features:103 - Processed 10000 tokens...
2025-11-27 15:51:18.651 | INFO     | __main__:extract_combined_features:103 - Processed 20000 tokens...
2025-11-27 15:51:18.705 | INFO     | __main__:extract_combined_features:103 - Processed 30000 tokens...
2025-11-27 15:51:18.761 | INFO     | __main__:extract_combined_features:103 - Processed 40000 tokens...
2025-11-27 15:51:18.815 | INFO     | __main__:extract_combined_features:103 - Processed 50000 tokens...
2025-11-27 15:51:18.870 | INFO     | __main__:extract_combined_features:103 - Processed 60000 tokens...
2025-11-27 15:51:18.925 | INFO     | __main__:extract_combined_features:103 - Processed 70000 tokens...
2025-11-27 15:51:18.982 | INFO     | __main__:extract_combined_features:103 - Processed 80000 tokens...
2025-11-27 15:51:19.036 | INFO     | __main__:extract_combined_features:103 - Processed 90000 tokens...
2025-11-27 15:51:19.096 | INFO     | __main__:extract_combined_features:103 - Processed 100000 tokens...
2025-11-27 15:51:19.162 | INFO     | __main__:extract_combined_features:103 - Processed 110000 tokens...
2025-11-27 15:51:19.216 | INFO     | __main__:extract_combined_features:103 - Processed 120000 tokens...
2025-11-27 15:51:19.270 | INFO     | __main__:extract_combined_features:103 - Processed 130000 tokens...
2025-11-27 15:51:19.328 | INFO     | __main__:extract_combined_features:103 - Processed 140000 tokens...
2025-11-27 15:51:19.382 | INFO     | __main__:extract_combined_features:103 - Processed 150000 tokens...
2025-11-27 15:51:19.439 | INFO     | __main__:extract_combined_features:103 - Processed 160000 tokens...
2025-11-27 15:51:19.496 | INFO     | __main__:extract_combined_features:103 - Processed 170000 tokens...
2025-11-27 15:51:19.552 | INFO     | __main__:extract_combined_features:103 - Processed 180000 tokens...
2025-11-27 15:51:19.606 | INFO     | __main__:extract_combined_features:103 - Processed 190000 tokens...
2025-11-27 15:51:19.825 | INFO     | __main__:extract_combined_features:103 - Processed 200000 tokens...
2025-11-27 15:51:19.844 | INFO     | __main__:extract_combined_features:108 - Vectorizing traditional features...
2025-11-27 15:51:20.490 | INFO     | __main__:extract_combined_features:117 - Combining traditional features with word embeddings...
2025-11-27 15:51:27.202 | INFO     | __main__:extract_combined_features:124 - Feature extraction completed. Feature matrix shape: (203621, 23924)
2025-11-27 15:51:27.282 | INFO     | __main__:run_feature_ablation_experiment:346 - Extracting development features...
2025-11-27 15:51:27.282 | INFO     | __main__:extract_combined_features:42 - Starting feature extraction from ./data/conll2003/conll2003.dev.conll
2025-11-27 15:51:27.282 | INFO     | __main__:extract_combined_features:43 - Active features: {'embeddings': True, 'token': True, 'pos': False, 'case': False, 'digits': False, 'position': True, 'prev_pos': False}
2025-11-27 15:51:27.283 | INFO     | __main__:extract_combined_features:64 - Reading and processing file...
2025-11-27 15:51:27.339 | INFO     | __main__:extract_combined_features:103 - Processed 10000 tokens...
2025-11-27 15:51:27.394 | INFO     | __main__:extract_combined_features:103 - Processed 20000 tokens...
2025-11-27 15:51:27.450 | INFO     | __main__:extract_combined_features:103 - Processed 30000 tokens...
2025-11-27 15:51:27.505 | INFO     | __main__:extract_combined_features:103 - Processed 40000 tokens...
2025-11-27 15:51:27.565 | INFO     | __main__:extract_combined_features:103 - Processed 50000 tokens...
2025-11-27 15:51:27.572 | INFO     | __main__:extract_combined_features:108 - Vectorizing traditional features...
2025-11-27 15:51:27.733 | INFO     | __main__:extract_combined_features:117 - Combining traditional features with word embeddings...
2025-11-27 15:51:29.239 | INFO     | __main__:extract_combined_features:124 - Feature extraction completed. Feature matrix shape: (51362, 23924)
2025-11-27 15:51:29.259 | INFO     | __main__:run_feature_ablation_experiment:358 - Training SVM model...
2025-11-27 16:05:03.452 | INFO     | __main__:run_feature_ablation_experiment:363 - Making predictions...
2025-11-27 16:05:03.504 | INFO     | __main__:run_feature_ablation_experiment:367 - Evaluating embeddings_token_position combination...
2025-11-27 16:05:03.681 | INFO     | __main__:run_feature_ablation_experiment:373 - Generating confusion matrix for embeddings_token_position...
2025-11-27 16:05:03.993 | SUCCESS  | __main__:run_feature_ablation_experiment:391 - Completed evaluation for embeddings_token_position
2025-11-27 16:05:03.993 | INFO     | __main__:run_feature_ablation_experiment:329 - 
Testing feature combination: embeddings_pos_position
2025-11-27 16:05:03.993 | INFO     | __main__:run_feature_ablation_experiment:339 - Extracting training features...
2025-11-27 16:05:03.993 | INFO     | __main__:extract_combined_features:42 - Starting feature extraction from ./data/conll2003/conll2003.train.conll
2025-11-27 16:05:03.993 | INFO     | __main__:extract_combined_features:43 - Active features: {'embeddings': True, 'token': False, 'pos': True, 'case': False, 'digits': False, 'position': True, 'prev_pos': False}
2025-11-27 16:05:03.993 | INFO     | __main__:extract_combined_features:64 - Reading and processing file...
2025-11-27 16:05:04.050 | INFO     | __main__:extract_combined_features:103 - Processed 10000 tokens...
2025-11-27 16:05:04.109 | INFO     | __main__:extract_combined_features:103 - Processed 20000 tokens...
2025-11-27 16:05:04.165 | INFO     | __main__:extract_combined_features:103 - Processed 30000 tokens...
2025-11-27 16:05:04.239 | INFO     | __main__:extract_combined_features:103 - Processed 40000 tokens...
2025-11-27 16:05:04.296 | INFO     | __main__:extract_combined_features:103 - Processed 50000 tokens...
2025-11-27 16:05:04.355 | INFO     | __main__:extract_combined_features:103 - Processed 60000 tokens...
2025-11-27 16:05:04.410 | INFO     | __main__:extract_combined_features:103 - Processed 70000 tokens...
2025-11-27 16:05:04.468 | INFO     | __main__:extract_combined_features:103 - Processed 80000 tokens...
2025-11-27 16:05:04.525 | INFO     | __main__:extract_combined_features:103 - Processed 90000 tokens...
2025-11-27 16:05:04.583 | INFO     | __main__:extract_combined_features:103 - Processed 100000 tokens...
2025-11-27 16:05:04.642 | INFO     | __main__:extract_combined_features:103 - Processed 110000 tokens...
2025-11-27 16:05:04.824 | INFO     | __main__:extract_combined_features:103 - Processed 120000 tokens...
2025-11-27 16:05:04.880 | INFO     | __main__:extract_combined_features:103 - Processed 130000 tokens...
2025-11-27 16:05:04.938 | INFO     | __main__:extract_combined_features:103 - Processed 140000 tokens...
2025-11-27 16:05:04.995 | INFO     | __main__:extract_combined_features:103 - Processed 150000 tokens...
2025-11-27 16:05:05.054 | INFO     | __main__:extract_combined_features:103 - Processed 160000 tokens...
2025-11-27 16:05:05.112 | INFO     | __main__:extract_combined_features:103 - Processed 170000 tokens...
2025-11-27 16:05:05.170 | INFO     | __main__:extract_combined_features:103 - Processed 180000 tokens...
2025-11-27 16:05:05.228 | INFO     | __main__:extract_combined_features:103 - Processed 190000 tokens...
2025-11-27 16:05:05.285 | INFO     | __main__:extract_combined_features:103 - Processed 200000 tokens...
2025-11-27 16:05:05.308 | INFO     | __main__:extract_combined_features:108 - Vectorizing traditional features...
2025-11-27 16:05:05.951 | INFO     | __main__:extract_combined_features:117 - Combining traditional features with word embeddings...
2025-11-27 16:05:12.252 | INFO     | __main__:extract_combined_features:124 - Feature extraction completed. Feature matrix shape: (203621, 346)
2025-11-27 16:05:12.332 | INFO     | __main__:run_feature_ablation_experiment:346 - Extracting development features...
2025-11-27 16:05:12.332 | INFO     | __main__:extract_combined_features:42 - Starting feature extraction from ./data/conll2003/conll2003.dev.conll
2025-11-27 16:05:12.332 | INFO     | __main__:extract_combined_features:43 - Active features: {'embeddings': True, 'token': False, 'pos': True, 'case': False, 'digits': False, 'position': True, 'prev_pos': False}
2025-11-27 16:05:12.332 | INFO     | __main__:extract_combined_features:64 - Reading and processing file...
2025-11-27 16:05:12.394 | INFO     | __main__:extract_combined_features:103 - Processed 10000 tokens...
2025-11-27 16:05:12.452 | INFO     | __main__:extract_combined_features:103 - Processed 20000 tokens...
2025-11-27 16:05:12.509 | INFO     | __main__:extract_combined_features:103 - Processed 30000 tokens...
2025-11-27 16:05:12.568 | INFO     | __main__:extract_combined_features:103 - Processed 40000 tokens...
2025-11-27 16:05:12.624 | INFO     | __main__:extract_combined_features:103 - Processed 50000 tokens...
2025-11-27 16:05:12.632 | INFO     | __main__:extract_combined_features:108 - Vectorizing traditional features...
2025-11-27 16:05:12.791 | INFO     | __main__:extract_combined_features:117 - Combining traditional features with word embeddings...
2025-11-27 16:05:14.547 | INFO     | __main__:extract_combined_features:124 - Feature extraction completed. Feature matrix shape: (51362, 346)
2025-11-27 16:05:14.567 | INFO     | __main__:run_feature_ablation_experiment:358 - Training SVM model...
2025-11-27 16:06:22.937 | INFO     | __main__:run_feature_ablation_experiment:363 - Making predictions...
2025-11-27 16:06:22.986 | INFO     | __main__:run_feature_ablation_experiment:367 - Evaluating embeddings_pos_position combination...
2025-11-27 16:06:23.153 | INFO     | __main__:run_feature_ablation_experiment:373 - Generating confusion matrix for embeddings_pos_position...
2025-11-27 16:06:23.449 | SUCCESS  | __main__:run_feature_ablation_experiment:391 - Completed evaluation for embeddings_pos_position
2025-11-27 16:06:23.449 | INFO     | __main__:run_feature_ablation_experiment:329 - 
Testing feature combination: embeddings_token_prev_pos
2025-11-27 16:06:23.449 | INFO     | __main__:run_feature_ablation_experiment:339 - Extracting training features...
2025-11-27 16:06:23.449 | INFO     | __main__:extract_combined_features:42 - Starting feature extraction from ./data/conll2003/conll2003.train.conll
2025-11-27 16:06:23.449 | INFO     | __main__:extract_combined_features:43 - Active features: {'embeddings': True, 'token': True, 'pos': False, 'case': False, 'digits': False, 'position': False, 'prev_pos': True}
2025-11-27 16:06:23.449 | INFO     | __main__:extract_combined_features:64 - Reading and processing file...
2025-11-27 16:06:23.504 | INFO     | __main__:extract_combined_features:103 - Processed 10000 tokens...
2025-11-27 16:06:23.562 | INFO     | __main__:extract_combined_features:103 - Processed 20000 tokens...
2025-11-27 16:06:23.702 | INFO     | __main__:extract_combined_features:103 - Processed 30000 tokens...
2025-11-27 16:06:23.758 | INFO     | __main__:extract_combined_features:103 - Processed 40000 tokens...
2025-11-27 16:06:23.837 | INFO     | __main__:extract_combined_features:103 - Processed 50000 tokens...
2025-11-27 16:06:23.893 | INFO     | __main__:extract_combined_features:103 - Processed 60000 tokens...
2025-11-27 16:06:23.950 | INFO     | __main__:extract_combined_features:103 - Processed 70000 tokens...
2025-11-27 16:06:24.006 | INFO     | __main__:extract_combined_features:103 - Processed 80000 tokens...
2025-11-27 16:06:24.061 | INFO     | __main__:extract_combined_features:103 - Processed 90000 tokens...
2025-11-27 16:06:24.116 | INFO     | __main__:extract_combined_features:103 - Processed 100000 tokens...
2025-11-27 16:06:24.171 | INFO     | __main__:extract_combined_features:103 - Processed 110000 tokens...
2025-11-27 16:06:24.225 | INFO     | __main__:extract_combined_features:103 - Processed 120000 tokens...
2025-11-27 16:06:24.280 | INFO     | __main__:extract_combined_features:103 - Processed 130000 tokens...
2025-11-27 16:06:24.333 | INFO     | __main__:extract_combined_features:103 - Processed 140000 tokens...
2025-11-27 16:06:24.388 | INFO     | __main__:extract_combined_features:103 - Processed 150000 tokens...
2025-11-27 16:06:24.442 | INFO     | __main__:extract_combined_features:103 - Processed 160000 tokens...
2025-11-27 16:06:24.499 | INFO     | __main__:extract_combined_features:103 - Processed 170000 tokens...
2025-11-27 16:06:24.553 | INFO     | __main__:extract_combined_features:103 - Processed 180000 tokens...
2025-11-27 16:06:24.611 | INFO     | __main__:extract_combined_features:103 - Processed 190000 tokens...
2025-11-27 16:06:24.665 | INFO     | __main__:extract_combined_features:103 - Processed 200000 tokens...
2025-11-27 16:06:24.855 | INFO     | __main__:extract_combined_features:108 - Vectorizing traditional features...
2025-11-27 16:06:25.413 | INFO     | __main__:extract_combined_features:117 - Combining traditional features with word embeddings...
2025-11-27 16:06:31.430 | INFO     | __main__:extract_combined_features:124 - Feature extraction completed. Feature matrix shape: (203621, 23969)
2025-11-27 16:06:31.513 | INFO     | __main__:run_feature_ablation_experiment:346 - Extracting development features...
2025-11-27 16:06:31.513 | INFO     | __main__:extract_combined_features:42 - Starting feature extraction from ./data/conll2003/conll2003.dev.conll
2025-11-27 16:06:31.513 | INFO     | __main__:extract_combined_features:43 - Active features: {'embeddings': True, 'token': True, 'pos': False, 'case': False, 'digits': False, 'position': False, 'prev_pos': True}
2025-11-27 16:06:31.513 | INFO     | __main__:extract_combined_features:64 - Reading and processing file...
2025-11-27 16:06:31.571 | INFO     | __main__:extract_combined_features:103 - Processed 10000 tokens...
2025-11-27 16:06:31.628 | INFO     | __main__:extract_combined_features:103 - Processed 20000 tokens...
2025-11-27 16:06:31.682 | INFO     | __main__:extract_combined_features:103 - Processed 30000 tokens...
2025-11-27 16:06:31.737 | INFO     | __main__:extract_combined_features:103 - Processed 40000 tokens...
2025-11-27 16:06:31.790 | INFO     | __main__:extract_combined_features:103 - Processed 50000 tokens...
2025-11-27 16:06:31.797 | INFO     | __main__:extract_combined_features:108 - Vectorizing traditional features...
2025-11-27 16:06:31.930 | INFO     | __main__:extract_combined_features:117 - Combining traditional features with word embeddings...
2025-11-27 16:06:33.449 | INFO     | __main__:extract_combined_features:124 - Feature extraction completed. Feature matrix shape: (51362, 23969)
2025-11-27 16:06:33.476 | INFO     | __main__:run_feature_ablation_experiment:358 - Training SVM model...
2025-11-27 16:16:25.101 | INFO     | __main__:run_feature_ablation_experiment:363 - Making predictions...
2025-11-27 16:16:25.151 | INFO     | __main__:run_feature_ablation_experiment:367 - Evaluating embeddings_token_prev_pos combination...
2025-11-27 16:16:25.323 | INFO     | __main__:run_feature_ablation_experiment:373 - Generating confusion matrix for embeddings_token_prev_pos...
2025-11-27 16:16:25.633 | SUCCESS  | __main__:run_feature_ablation_experiment:391 - Completed evaluation for embeddings_token_prev_pos
2025-11-27 16:16:25.633 | INFO     | __main__:run_feature_ablation_experiment:329 - 
Testing feature combination: embeddings_token_digits
2025-11-27 16:16:25.633 | INFO     | __main__:run_feature_ablation_experiment:339 - Extracting training features...
2025-11-27 16:16:25.633 | INFO     | __main__:extract_combined_features:42 - Starting feature extraction from ./data/conll2003/conll2003.train.conll
2025-11-27 16:16:25.633 | INFO     | __main__:extract_combined_features:43 - Active features: {'embeddings': True, 'token': True, 'pos': False, 'case': False, 'digits': True, 'position': False, 'prev_pos': False}
2025-11-27 16:16:25.633 | INFO     | __main__:extract_combined_features:64 - Reading and processing file...
2025-11-27 16:16:25.815 | INFO     | __main__:extract_combined_features:103 - Processed 10000 tokens...
2025-11-27 16:16:25.975 | INFO     | __main__:extract_combined_features:103 - Processed 20000 tokens...
2025-11-27 16:16:26.136 | INFO     | __main__:extract_combined_features:103 - Processed 30000 tokens...
2025-11-27 16:16:26.301 | INFO     | __main__:extract_combined_features:103 - Processed 40000 tokens...
2025-11-27 16:16:26.466 | INFO     | __main__:extract_combined_features:103 - Processed 50000 tokens...
2025-11-27 16:16:26.621 | INFO     | __main__:extract_combined_features:103 - Processed 60000 tokens...
2025-11-27 16:16:26.777 | INFO     | __main__:extract_combined_features:103 - Processed 70000 tokens...
2025-11-27 16:16:26.945 | INFO     | __main__:extract_combined_features:103 - Processed 80000 tokens...
2025-11-27 16:16:27.116 | INFO     | __main__:extract_combined_features:103 - Processed 90000 tokens...
2025-11-27 16:16:27.290 | INFO     | __main__:extract_combined_features:103 - Processed 100000 tokens...
2025-11-27 16:16:27.462 | INFO     | __main__:extract_combined_features:103 - Processed 110000 tokens...
2025-11-27 16:16:27.625 | INFO     | __main__:extract_combined_features:103 - Processed 120000 tokens...
2025-11-27 16:16:27.924 | INFO     | __main__:extract_combined_features:103 - Processed 130000 tokens...
2025-11-27 16:16:28.086 | INFO     | __main__:extract_combined_features:103 - Processed 140000 tokens...
2025-11-27 16:16:28.244 | INFO     | __main__:extract_combined_features:103 - Processed 150000 tokens...
2025-11-27 16:16:28.407 | INFO     | __main__:extract_combined_features:103 - Processed 160000 tokens...
2025-11-27 16:16:28.574 | INFO     | __main__:extract_combined_features:103 - Processed 170000 tokens...
2025-11-27 16:16:28.733 | INFO     | __main__:extract_combined_features:103 - Processed 180000 tokens...
2025-11-27 16:16:28.900 | INFO     | __main__:extract_combined_features:103 - Processed 190000 tokens...
2025-11-27 16:16:29.061 | INFO     | __main__:extract_combined_features:103 - Processed 200000 tokens...
2025-11-27 16:16:29.120 | INFO     | __main__:extract_combined_features:108 - Vectorizing traditional features...
2025-11-27 16:16:29.775 | INFO     | __main__:extract_combined_features:117 - Combining traditional features with word embeddings...
2025-11-27 16:16:36.784 | INFO     | __main__:extract_combined_features:124 - Feature extraction completed. Feature matrix shape: (203621, 23924)
2025-11-27 16:16:36.865 | INFO     | __main__:run_feature_ablation_experiment:346 - Extracting development features...
2025-11-27 16:16:36.865 | INFO     | __main__:extract_combined_features:42 - Starting feature extraction from ./data/conll2003/conll2003.dev.conll
2025-11-27 16:16:36.865 | INFO     | __main__:extract_combined_features:43 - Active features: {'embeddings': True, 'token': True, 'pos': False, 'case': False, 'digits': True, 'position': False, 'prev_pos': False}
2025-11-27 16:16:36.865 | INFO     | __main__:extract_combined_features:64 - Reading and processing file...
2025-11-27 16:16:37.021 | INFO     | __main__:extract_combined_features:103 - Processed 10000 tokens...
2025-11-27 16:16:37.186 | INFO     | __main__:extract_combined_features:103 - Processed 20000 tokens...
2025-11-27 16:16:37.351 | INFO     | __main__:extract_combined_features:103 - Processed 30000 tokens...
2025-11-27 16:16:37.505 | INFO     | __main__:extract_combined_features:103 - Processed 40000 tokens...
2025-11-27 16:16:37.673 | INFO     | __main__:extract_combined_features:103 - Processed 50000 tokens...
2025-11-27 16:16:37.696 | INFO     | __main__:extract_combined_features:108 - Vectorizing traditional features...
2025-11-27 16:16:37.858 | INFO     | __main__:extract_combined_features:117 - Combining traditional features with word embeddings...
2025-11-27 16:16:39.551 | INFO     | __main__:extract_combined_features:124 - Feature extraction completed. Feature matrix shape: (51362, 23924)
2025-11-27 16:16:39.569 | INFO     | __main__:run_feature_ablation_experiment:358 - Training SVM model...
2025-11-27 16:47:36.215 | INFO     | __main__:run_feature_ablation_experiment:363 - Making predictions...
2025-11-27 16:47:36.265 | INFO     | __main__:run_feature_ablation_experiment:367 - Evaluating embeddings_token_digits combination...
2025-11-27 16:47:36.437 | INFO     | __main__:run_feature_ablation_experiment:373 - Generating confusion matrix for embeddings_token_digits...
2025-11-27 16:47:36.749 | SUCCESS  | __main__:run_feature_ablation_experiment:391 - Completed evaluation for embeddings_token_digits
2025-11-27 16:47:36.749 | INFO     | __main__:run_feature_ablation_experiment:329 - 
Testing feature combination: embeddings_pos_digits
2025-11-27 16:47:36.749 | INFO     | __main__:run_feature_ablation_experiment:339 - Extracting training features...
2025-11-27 16:47:36.749 | INFO     | __main__:extract_combined_features:42 - Starting feature extraction from ./data/conll2003/conll2003.train.conll
2025-11-27 16:47:36.749 | INFO     | __main__:extract_combined_features:43 - Active features: {'embeddings': True, 'token': False, 'pos': True, 'case': False, 'digits': True, 'position': False, 'prev_pos': False}
2025-11-27 16:47:36.749 | INFO     | __main__:extract_combined_features:64 - Reading and processing file...
2025-11-27 16:47:36.912 | INFO     | __main__:extract_combined_features:103 - Processed 10000 tokens...
2025-11-27 16:47:37.073 | INFO     | __main__:extract_combined_features:103 - Processed 20000 tokens...
2025-11-27 16:47:37.231 | INFO     | __main__:extract_combined_features:103 - Processed 30000 tokens...
2025-11-27 16:47:37.503 | INFO     | __main__:extract_combined_features:103 - Processed 40000 tokens...
2025-11-27 16:47:37.661 | INFO     | __main__:extract_combined_features:103 - Processed 50000 tokens...
2025-11-27 16:47:37.818 | INFO     | __main__:extract_combined_features:103 - Processed 60000 tokens...
2025-11-27 16:47:37.973 | INFO     | __main__:extract_combined_features:103 - Processed 70000 tokens...
2025-11-27 16:47:38.134 | INFO     | __main__:extract_combined_features:103 - Processed 80000 tokens...
2025-11-27 16:47:38.293 | INFO     | __main__:extract_combined_features:103 - Processed 90000 tokens...
2025-11-27 16:47:38.456 | INFO     | __main__:extract_combined_features:103 - Processed 100000 tokens...
2025-11-27 16:47:38.620 | INFO     | __main__:extract_combined_features:103 - Processed 110000 tokens...
2025-11-27 16:47:38.777 | INFO     | __main__:extract_combined_features:103 - Processed 120000 tokens...
2025-11-27 16:47:38.938 | INFO     | __main__:extract_combined_features:103 - Processed 130000 tokens...
2025-11-27 16:47:39.100 | INFO     | __main__:extract_combined_features:103 - Processed 140000 tokens...
2025-11-27 16:47:39.254 | INFO     | __main__:extract_combined_features:103 - Processed 150000 tokens...
2025-11-27 16:47:39.420 | INFO     | __main__:extract_combined_features:103 - Processed 160000 tokens...
2025-11-27 16:47:39.583 | INFO     | __main__:extract_combined_features:103 - Processed 170000 tokens...
2025-11-27 16:47:39.741 | INFO     | __main__:extract_combined_features:103 - Processed 180000 tokens...
2025-11-27 16:47:39.902 | INFO     | __main__:extract_combined_features:103 - Processed 190000 tokens...
2025-11-27 16:47:40.064 | INFO     | __main__:extract_combined_features:103 - Processed 200000 tokens...
2025-11-27 16:47:40.122 | INFO     | __main__:extract_combined_features:108 - Vectorizing traditional features...
2025-11-27 16:47:40.741 | INFO     | __main__:extract_combined_features:117 - Combining traditional features with word embeddings...
2025-11-27 16:47:47.070 | INFO     | __main__:extract_combined_features:124 - Feature extraction completed. Feature matrix shape: (203621, 346)
2025-11-27 16:47:47.148 | INFO     | __main__:run_feature_ablation_experiment:346 - Extracting development features...
2025-11-27 16:47:47.149 | INFO     | __main__:extract_combined_features:42 - Starting feature extraction from ./data/conll2003/conll2003.dev.conll
2025-11-27 16:47:47.149 | INFO     | __main__:extract_combined_features:43 - Active features: {'embeddings': True, 'token': False, 'pos': True, 'case': False, 'digits': True, 'position': False, 'prev_pos': False}
2025-11-27 16:47:47.149 | INFO     | __main__:extract_combined_features:64 - Reading and processing file...
2025-11-27 16:47:47.299 | INFO     | __main__:extract_combined_features:103 - Processed 10000 tokens...
2025-11-27 16:47:47.467 | INFO     | __main__:extract_combined_features:103 - Processed 20000 tokens...
2025-11-27 16:47:47.705 | INFO     | __main__:extract_combined_features:103 - Processed 30000 tokens...
2025-11-27 16:47:47.854 | INFO     | __main__:extract_combined_features:103 - Processed 40000 tokens...
2025-11-27 16:47:48.015 | INFO     | __main__:extract_combined_features:103 - Processed 50000 tokens...
2025-11-27 16:47:48.046 | INFO     | __main__:extract_combined_features:108 - Vectorizing traditional features...
2025-11-27 16:47:48.198 | INFO     | __main__:extract_combined_features:117 - Combining traditional features with word embeddings...
2025-11-27 16:47:49.730 | INFO     | __main__:extract_combined_features:124 - Feature extraction completed. Feature matrix shape: (51362, 346)
2025-11-27 16:47:49.755 | INFO     | __main__:run_feature_ablation_experiment:358 - Training SVM model...
2025-11-27 16:50:51.992 | INFO     | __main__:run_feature_ablation_experiment:363 - Making predictions...
2025-11-27 16:50:52.039 | INFO     | __main__:run_feature_ablation_experiment:367 - Evaluating embeddings_pos_digits combination...
2025-11-27 16:50:52.209 | INFO     | __main__:run_feature_ablation_experiment:373 - Generating confusion matrix for embeddings_pos_digits...
2025-11-27 16:50:52.510 | SUCCESS  | __main__:run_feature_ablation_experiment:391 - Completed evaluation for embeddings_pos_digits
2025-11-27 16:50:52.519 | INFO     | __main__:run_feature_ablation_experiment:414 - Detailed results saved to: code/assignment3/results/ablation_results_20251127_141536.txt
2025-11-27 16:50:52.553 | SUCCESS  | __main__:main:438 - Feature ablation analysis completed. Results saved to code/assignment3/results/ablation_results_20251127_141536.txt
