2025-11-25 19:57:16.285 | INFO     | __main__:main:311 - Starting feature ablation analysis
2025-11-25 19:57:16.285 | INFO     | __main__:main:320 - Loading word embedding model...
2025-11-25 19:58:12.613 | SUCCESS  | __main__:main:322 - Word embedding model loaded successfully
2025-11-25 19:58:12.613 | INFO     | __main__:run_feature_ablation_experiment:131 - Starting feature ablation experiments
2025-11-25 19:58:12.613 | INFO     | __main__:run_feature_ablation_experiment:222 - 
Testing feature combination: all_features
2025-11-25 19:58:12.613 | INFO     | __main__:run_feature_ablation_experiment:232 - Extracting training features...
2025-11-25 19:58:12.613 | INFO     | __main__:extract_combined_features:42 - Starting feature extraction from ./data/conll2003/conll2003.train.conll
2025-11-25 19:58:12.614 | INFO     | __main__:extract_combined_features:43 - Active features: {'embeddings': True, 'token': True, 'pos': True, 'case': True, 'digits': True, 'position': True, 'prev_pos': True}
2025-11-25 19:58:12.614 | INFO     | __main__:extract_combined_features:64 - Reading and processing file...
2025-11-25 19:58:12.818 | INFO     | __main__:extract_combined_features:103 - Processed 10000 tokens...
2025-11-25 19:58:12.986 | INFO     | __main__:extract_combined_features:103 - Processed 20000 tokens...
2025-11-25 19:58:13.153 | INFO     | __main__:extract_combined_features:103 - Processed 30000 tokens...
2025-11-25 19:58:13.322 | INFO     | __main__:extract_combined_features:103 - Processed 40000 tokens...
2025-11-25 19:58:13.489 | INFO     | __main__:extract_combined_features:103 - Processed 50000 tokens...
2025-11-25 19:58:13.656 | INFO     | __main__:extract_combined_features:103 - Processed 60000 tokens...
2025-11-25 19:58:13.817 | INFO     | __main__:extract_combined_features:103 - Processed 70000 tokens...
2025-11-25 19:58:13.988 | INFO     | __main__:extract_combined_features:103 - Processed 80000 tokens...
2025-11-25 19:58:14.156 | INFO     | __main__:extract_combined_features:103 - Processed 90000 tokens...
2025-11-25 19:58:14.324 | INFO     | __main__:extract_combined_features:103 - Processed 100000 tokens...
2025-11-25 19:58:14.493 | INFO     | __main__:extract_combined_features:103 - Processed 110000 tokens...
2025-11-25 19:58:14.660 | INFO     | __main__:extract_combined_features:103 - Processed 120000 tokens...
2025-11-25 19:58:14.847 | INFO     | __main__:extract_combined_features:103 - Processed 130000 tokens...
2025-11-25 19:58:15.145 | INFO     | __main__:extract_combined_features:103 - Processed 140000 tokens...
2025-11-25 19:58:15.311 | INFO     | __main__:extract_combined_features:103 - Processed 150000 tokens...
2025-11-25 19:58:15.484 | INFO     | __main__:extract_combined_features:103 - Processed 160000 tokens...
2025-11-25 19:58:15.656 | INFO     | __main__:extract_combined_features:103 - Processed 170000 tokens...
2025-11-25 19:58:15.825 | INFO     | __main__:extract_combined_features:103 - Processed 180000 tokens...
2025-11-25 19:58:16.004 | INFO     | __main__:extract_combined_features:103 - Processed 190000 tokens...
2025-11-25 19:58:16.168 | INFO     | __main__:extract_combined_features:103 - Processed 200000 tokens...
2025-11-25 19:58:16.230 | INFO     | __main__:extract_combined_features:108 - Vectorizing traditional features...
2025-11-25 19:58:17.886 | INFO     | __main__:extract_combined_features:117 - Combining traditional features with word embeddings...
2025-11-25 19:58:23.710 | INFO     | __main__:extract_combined_features:124 - Feature extraction completed. Feature matrix shape: (203621, 24018)
2025-11-25 19:58:23.772 | INFO     | __main__:run_feature_ablation_experiment:239 - Extracting development features...
2025-11-25 19:58:23.772 | INFO     | __main__:extract_combined_features:42 - Starting feature extraction from ./data/conll2003/conll2003.dev.conll
2025-11-25 19:58:23.772 | INFO     | __main__:extract_combined_features:43 - Active features: {'embeddings': True, 'token': True, 'pos': True, 'case': True, 'digits': True, 'position': True, 'prev_pos': True}
2025-11-25 19:58:23.772 | INFO     | __main__:extract_combined_features:64 - Reading and processing file...
2025-11-25 19:58:23.938 | INFO     | __main__:extract_combined_features:103 - Processed 10000 tokens...
2025-11-25 19:58:24.117 | INFO     | __main__:extract_combined_features:103 - Processed 20000 tokens...
2025-11-25 19:58:24.351 | INFO     | __main__:extract_combined_features:103 - Processed 30000 tokens...
2025-11-25 19:58:24.571 | INFO     | __main__:extract_combined_features:103 - Processed 40000 tokens...
2025-11-25 19:58:24.749 | INFO     | __main__:extract_combined_features:103 - Processed 50000 tokens...
2025-11-25 19:58:24.773 | INFO     | __main__:extract_combined_features:108 - Vectorizing traditional features...
2025-11-25 19:58:25.148 | INFO     | __main__:extract_combined_features:117 - Combining traditional features with word embeddings...
2025-11-25 19:58:26.951 | INFO     | __main__:extract_combined_features:124 - Feature extraction completed. Feature matrix shape: (51362, 24018)
2025-11-25 19:58:26.965 | INFO     | __main__:run_feature_ablation_experiment:251 - Training SVM model...
2025-11-25 20:05:35.449 | INFO     | __main__:run_feature_ablation_experiment:256 - Making predictions...
2025-11-25 20:05:35.508 | INFO     | __main__:run_feature_ablation_experiment:260 - Evaluating all_features combination...
2025-11-25 20:05:35.722 | INFO     | __main__:run_feature_ablation_experiment:266 - Generating confusion matrix for all_features...
2025-11-25 20:05:36.550 | SUCCESS  | __main__:run_feature_ablation_experiment:284 - Completed evaluation for all_features
2025-11-25 20:05:36.551 | INFO     | __main__:run_feature_ablation_experiment:222 - 
Testing feature combination: only_embeddings
2025-11-25 20:05:36.551 | INFO     | __main__:run_feature_ablation_experiment:232 - Extracting training features...
2025-11-25 20:05:36.551 | INFO     | __main__:extract_combined_features:42 - Starting feature extraction from ./data/conll2003/conll2003.train.conll
2025-11-25 20:05:36.551 | INFO     | __main__:extract_combined_features:43 - Active features: {'embeddings': True, 'token': False, 'pos': False, 'case': False, 'digits': False, 'position': False, 'prev_pos': False}
2025-11-25 20:05:36.551 | INFO     | __main__:extract_combined_features:64 - Reading and processing file...
2025-11-25 20:05:36.610 | INFO     | __main__:extract_combined_features:103 - Processed 10000 tokens...
2025-11-25 20:05:36.760 | INFO     | __main__:extract_combined_features:103 - Processed 20000 tokens...
2025-11-25 20:05:36.817 | INFO     | __main__:extract_combined_features:103 - Processed 30000 tokens...
2025-11-25 20:05:36.879 | INFO     | __main__:extract_combined_features:103 - Processed 40000 tokens...
2025-11-25 20:05:36.937 | INFO     | __main__:extract_combined_features:103 - Processed 50000 tokens...
2025-11-25 20:05:36.997 | INFO     | __main__:extract_combined_features:103 - Processed 60000 tokens...
2025-11-25 20:05:37.057 | INFO     | __main__:extract_combined_features:103 - Processed 70000 tokens...
2025-11-25 20:05:37.120 | INFO     | __main__:extract_combined_features:103 - Processed 80000 tokens...
2025-11-25 20:05:37.220 | INFO     | __main__:extract_combined_features:103 - Processed 90000 tokens...
2025-11-25 20:05:37.314 | INFO     | __main__:extract_combined_features:103 - Processed 100000 tokens...
2025-11-25 20:05:37.376 | INFO     | __main__:extract_combined_features:103 - Processed 110000 tokens...
2025-11-25 20:05:37.437 | INFO     | __main__:extract_combined_features:103 - Processed 120000 tokens...
2025-11-25 20:05:37.496 | INFO     | __main__:extract_combined_features:103 - Processed 130000 tokens...
2025-11-25 20:05:37.555 | INFO     | __main__:extract_combined_features:103 - Processed 140000 tokens...
2025-11-25 20:05:37.623 | INFO     | __main__:extract_combined_features:103 - Processed 150000 tokens...
2025-11-25 20:05:37.683 | INFO     | __main__:extract_combined_features:103 - Processed 160000 tokens...
2025-11-25 20:05:37.742 | INFO     | __main__:extract_combined_features:103 - Processed 170000 tokens...
2025-11-25 20:05:37.801 | INFO     | __main__:extract_combined_features:103 - Processed 180000 tokens...
2025-11-25 20:05:37.858 | INFO     | __main__:extract_combined_features:103 - Processed 190000 tokens...
2025-11-25 20:05:38.068 | INFO     | __main__:extract_combined_features:103 - Processed 200000 tokens...
2025-11-25 20:05:38.088 | INFO     | __main__:extract_combined_features:108 - Vectorizing traditional features...
2025-11-25 20:05:38.189 | INFO     | __main__:extract_combined_features:117 - Combining traditional features with word embeddings...
2025-11-25 20:05:52.546 | INFO     | __main__:extract_combined_features:124 - Feature extraction completed. Feature matrix shape: (203621, 300)
2025-11-25 20:05:52.632 | INFO     | __main__:run_feature_ablation_experiment:239 - Extracting development features...
2025-11-25 20:05:52.632 | INFO     | __main__:extract_combined_features:42 - Starting feature extraction from ./data/conll2003/conll2003.dev.conll
2025-11-25 20:05:52.632 | INFO     | __main__:extract_combined_features:43 - Active features: {'embeddings': True, 'token': False, 'pos': False, 'case': False, 'digits': False, 'position': False, 'prev_pos': False}
2025-11-25 20:05:52.633 | INFO     | __main__:extract_combined_features:64 - Reading and processing file...
2025-11-25 20:05:52.706 | INFO     | __main__:extract_combined_features:103 - Processed 10000 tokens...
2025-11-25 20:05:52.776 | INFO     | __main__:extract_combined_features:103 - Processed 20000 tokens...
2025-11-25 20:05:52.844 | INFO     | __main__:extract_combined_features:103 - Processed 30000 tokens...
2025-11-25 20:05:52.908 | INFO     | __main__:extract_combined_features:103 - Processed 40000 tokens...
2025-11-25 20:05:52.975 | INFO     | __main__:extract_combined_features:103 - Processed 50000 tokens...
2025-11-25 20:05:52.984 | INFO     | __main__:extract_combined_features:108 - Vectorizing traditional features...
2025-11-25 20:05:53.023 | INFO     | __main__:extract_combined_features:117 - Combining traditional features with word embeddings...
2025-11-25 20:05:55.084 | INFO     | __main__:extract_combined_features:124 - Feature extraction completed. Feature matrix shape: (51362, 300)
2025-11-25 20:05:55.095 | INFO     | __main__:run_feature_ablation_experiment:251 - Training SVM model...
2025-11-25 20:06:24.992 | INFO     | __main__:run_feature_ablation_experiment:256 - Making predictions...
2025-11-25 20:06:25.054 | INFO     | __main__:run_feature_ablation_experiment:260 - Evaluating only_embeddings combination...
2025-11-25 20:06:25.230 | INFO     | __main__:run_feature_ablation_experiment:266 - Generating confusion matrix for only_embeddings...
2025-11-25 20:06:25.617 | SUCCESS  | __main__:run_feature_ablation_experiment:284 - Completed evaluation for only_embeddings
2025-11-25 20:06:25.618 | INFO     | __main__:run_feature_ablation_experiment:222 - 
Testing feature combination: only_traditional
2025-11-25 20:06:25.618 | INFO     | __main__:run_feature_ablation_experiment:232 - Extracting training features...
2025-11-25 20:06:25.618 | INFO     | __main__:extract_combined_features:42 - Starting feature extraction from ./data/conll2003/conll2003.train.conll
2025-11-25 20:06:25.618 | INFO     | __main__:extract_combined_features:43 - Active features: {'embeddings': False, 'token': True, 'pos': True, 'case': True, 'digits': True, 'position': True, 'prev_pos': True}
2025-11-25 20:06:25.618 | INFO     | __main__:extract_combined_features:64 - Reading and processing file...
2025-11-25 20:06:25.745 | INFO     | __main__:extract_combined_features:103 - Processed 10000 tokens...
2025-11-25 20:06:25.872 | INFO     | __main__:extract_combined_features:103 - Processed 20000 tokens...
2025-11-25 20:06:26.005 | INFO     | __main__:extract_combined_features:103 - Processed 30000 tokens...
2025-11-25 20:06:26.133 | INFO     | __main__:extract_combined_features:103 - Processed 40000 tokens...
2025-11-25 20:06:26.265 | INFO     | __main__:extract_combined_features:103 - Processed 50000 tokens...
2025-11-25 20:06:26.389 | INFO     | __main__:extract_combined_features:103 - Processed 60000 tokens...
2025-11-25 20:06:26.510 | INFO     | __main__:extract_combined_features:103 - Processed 70000 tokens...
2025-11-25 20:06:26.634 | INFO     | __main__:extract_combined_features:103 - Processed 80000 tokens...
2025-11-25 20:06:26.756 | INFO     | __main__:extract_combined_features:103 - Processed 90000 tokens...
2025-11-25 20:06:26.882 | INFO     | __main__:extract_combined_features:103 - Processed 100000 tokens...
2025-11-25 20:06:27.013 | INFO     | __main__:extract_combined_features:103 - Processed 110000 tokens...
2025-11-25 20:06:27.136 | INFO     | __main__:extract_combined_features:103 - Processed 120000 tokens...
2025-11-25 20:06:27.266 | INFO     | __main__:extract_combined_features:103 - Processed 130000 tokens...
2025-11-25 20:06:27.396 | INFO     | __main__:extract_combined_features:103 - Processed 140000 tokens...
2025-11-25 20:06:27.517 | INFO     | __main__:extract_combined_features:103 - Processed 150000 tokens...
2025-11-25 20:06:27.648 | INFO     | __main__:extract_combined_features:103 - Processed 160000 tokens...
2025-11-25 20:06:27.779 | INFO     | __main__:extract_combined_features:103 - Processed 170000 tokens...
2025-11-25 20:06:27.906 | INFO     | __main__:extract_combined_features:103 - Processed 180000 tokens...
2025-11-25 20:06:28.037 | INFO     | __main__:extract_combined_features:103 - Processed 190000 tokens...
2025-11-25 20:06:28.166 | INFO     | __main__:extract_combined_features:103 - Processed 200000 tokens...
2025-11-25 20:06:28.213 | INFO     | __main__:extract_combined_features:108 - Vectorizing traditional features...
2025-11-25 20:06:29.925 | INFO     | __main__:extract_combined_features:124 - Feature extraction completed. Feature matrix shape: (203621, 23718)
2025-11-25 20:06:29.967 | INFO     | __main__:run_feature_ablation_experiment:239 - Extracting development features...
2025-11-25 20:06:29.967 | INFO     | __main__:extract_combined_features:42 - Starting feature extraction from ./data/conll2003/conll2003.dev.conll
2025-11-25 20:06:29.967 | INFO     | __main__:extract_combined_features:43 - Active features: {'embeddings': False, 'token': True, 'pos': True, 'case': True, 'digits': True, 'position': True, 'prev_pos': True}
2025-11-25 20:06:29.967 | INFO     | __main__:extract_combined_features:64 - Reading and processing file...
2025-11-25 20:06:30.093 | INFO     | __main__:extract_combined_features:103 - Processed 10000 tokens...
2025-11-25 20:06:30.226 | INFO     | __main__:extract_combined_features:103 - Processed 20000 tokens...
2025-11-25 20:06:30.353 | INFO     | __main__:extract_combined_features:103 - Processed 30000 tokens...
2025-11-25 20:06:30.472 | INFO     | __main__:extract_combined_features:103 - Processed 40000 tokens...
2025-11-25 20:06:30.614 | INFO     | __main__:extract_combined_features:103 - Processed 50000 tokens...
2025-11-25 20:06:30.633 | INFO     | __main__:extract_combined_features:108 - Vectorizing traditional features...
2025-11-25 20:06:31.021 | INFO     | __main__:extract_combined_features:124 - Feature extraction completed. Feature matrix shape: (51362, 23718)
2025-11-25 20:06:31.029 | INFO     | __main__:run_feature_ablation_experiment:251 - Training SVM model...
2025-11-25 20:07:59.162 | INFO     | __main__:run_feature_ablation_experiment:256 - Making predictions...
2025-11-25 20:07:59.169 | INFO     | __main__:run_feature_ablation_experiment:260 - Evaluating only_traditional combination...
2025-11-25 20:07:59.398 | INFO     | __main__:run_feature_ablation_experiment:266 - Generating confusion matrix for only_traditional...
2025-11-25 20:07:59.731 | SUCCESS  | __main__:run_feature_ablation_experiment:284 - Completed evaluation for only_traditional
2025-11-25 20:07:59.731 | INFO     | __main__:run_feature_ablation_experiment:222 - 
Testing feature combination: no_position
2025-11-25 20:07:59.731 | INFO     | __main__:run_feature_ablation_experiment:232 - Extracting training features...
2025-11-25 20:07:59.731 | INFO     | __main__:extract_combined_features:42 - Starting feature extraction from ./data/conll2003/conll2003.train.conll
2025-11-25 20:07:59.731 | INFO     | __main__:extract_combined_features:43 - Active features: {'embeddings': True, 'token': True, 'pos': True, 'case': True, 'digits': True, 'position': False, 'prev_pos': False}
2025-11-25 20:07:59.731 | INFO     | __main__:extract_combined_features:64 - Reading and processing file...
2025-11-25 20:07:59.901 | INFO     | __main__:extract_combined_features:103 - Processed 10000 tokens...
2025-11-25 20:08:00.075 | INFO     | __main__:extract_combined_features:103 - Processed 20000 tokens...
2025-11-25 20:08:00.252 | INFO     | __main__:extract_combined_features:103 - Processed 30000 tokens...
2025-11-25 20:08:00.421 | INFO     | __main__:extract_combined_features:103 - Processed 40000 tokens...
2025-11-25 20:08:00.594 | INFO     | __main__:extract_combined_features:103 - Processed 50000 tokens...
2025-11-25 20:08:00.760 | INFO     | __main__:extract_combined_features:103 - Processed 60000 tokens...
2025-11-25 20:08:00.923 | INFO     | __main__:extract_combined_features:103 - Processed 70000 tokens...
2025-11-25 20:08:01.087 | INFO     | __main__:extract_combined_features:103 - Processed 80000 tokens...
2025-11-25 20:08:01.421 | INFO     | __main__:extract_combined_features:103 - Processed 90000 tokens...
2025-11-25 20:08:01.592 | INFO     | __main__:extract_combined_features:103 - Processed 100000 tokens...
2025-11-25 20:08:01.774 | INFO     | __main__:extract_combined_features:103 - Processed 110000 tokens...
2025-11-25 20:08:01.958 | INFO     | __main__:extract_combined_features:103 - Processed 120000 tokens...
2025-11-25 20:08:02.149 | INFO     | __main__:extract_combined_features:103 - Processed 130000 tokens...
2025-11-25 20:08:02.332 | INFO     | __main__:extract_combined_features:103 - Processed 140000 tokens...
2025-11-25 20:08:02.513 | INFO     | __main__:extract_combined_features:103 - Processed 150000 tokens...
2025-11-25 20:08:02.686 | INFO     | __main__:extract_combined_features:103 - Processed 160000 tokens...
2025-11-25 20:08:02.859 | INFO     | __main__:extract_combined_features:103 - Processed 170000 tokens...
2025-11-25 20:08:03.044 | INFO     | __main__:extract_combined_features:103 - Processed 180000 tokens...
2025-11-25 20:08:03.234 | INFO     | __main__:extract_combined_features:103 - Processed 190000 tokens...
2025-11-25 20:08:03.412 | INFO     | __main__:extract_combined_features:103 - Processed 200000 tokens...
2025-11-25 20:08:03.478 | INFO     | __main__:extract_combined_features:108 - Vectorizing traditional features...
2025-11-25 20:08:04.633 | INFO     | __main__:extract_combined_features:117 - Combining traditional features with word embeddings...
2025-11-25 20:08:11.915 | INFO     | __main__:extract_combined_features:124 - Feature extraction completed. Feature matrix shape: (203621, 23971)
2025-11-25 20:08:11.967 | INFO     | __main__:run_feature_ablation_experiment:239 - Extracting development features...
2025-11-25 20:08:11.967 | INFO     | __main__:extract_combined_features:42 - Starting feature extraction from ./data/conll2003/conll2003.dev.conll
2025-11-25 20:08:11.967 | INFO     | __main__:extract_combined_features:43 - Active features: {'embeddings': True, 'token': True, 'pos': True, 'case': True, 'digits': True, 'position': False, 'prev_pos': False}
2025-11-25 20:08:11.967 | INFO     | __main__:extract_combined_features:64 - Reading and processing file...
2025-11-25 20:08:12.143 | INFO     | __main__:extract_combined_features:103 - Processed 10000 tokens...
2025-11-25 20:08:12.367 | INFO     | __main__:extract_combined_features:103 - Processed 20000 tokens...
2025-11-25 20:08:12.563 | INFO     | __main__:extract_combined_features:103 - Processed 30000 tokens...
2025-11-25 20:08:12.732 | INFO     | __main__:extract_combined_features:103 - Processed 40000 tokens...
2025-11-25 20:08:12.916 | INFO     | __main__:extract_combined_features:103 - Processed 50000 tokens...
2025-11-25 20:08:12.941 | INFO     | __main__:extract_combined_features:108 - Vectorizing traditional features...
2025-11-25 20:08:13.229 | INFO     | __main__:extract_combined_features:117 - Combining traditional features with word embeddings...
2025-11-25 20:08:15.039 | INFO     | __main__:extract_combined_features:124 - Feature extraction completed. Feature matrix shape: (51362, 23971)
2025-11-25 20:08:15.046 | INFO     | __main__:run_feature_ablation_experiment:251 - Training SVM model...
2025-11-25 20:34:00.072 | INFO     | __main__:run_feature_ablation_experiment:256 - Making predictions...
2025-11-25 20:34:00.130 | INFO     | __main__:run_feature_ablation_experiment:260 - Evaluating no_position combination...
2025-11-25 20:34:00.310 | INFO     | __main__:run_feature_ablation_experiment:266 - Generating confusion matrix for no_position...
2025-11-25 20:34:00.883 | SUCCESS  | __main__:run_feature_ablation_experiment:284 - Completed evaluation for no_position
2025-11-25 20:34:00.883 | INFO     | __main__:run_feature_ablation_experiment:222 - 
Testing feature combination: only_morphological
2025-11-25 20:34:00.884 | INFO     | __main__:run_feature_ablation_experiment:232 - Extracting training features...
2025-11-25 20:34:00.884 | INFO     | __main__:extract_combined_features:42 - Starting feature extraction from ./data/conll2003/conll2003.train.conll
2025-11-25 20:34:00.884 | INFO     | __main__:extract_combined_features:43 - Active features: {'embeddings': False, 'token': False, 'pos': True, 'case': True, 'digits': True, 'position': False, 'prev_pos': False}
2025-11-25 20:34:00.884 | INFO     | __main__:extract_combined_features:64 - Reading and processing file...
2025-11-25 20:34:01.014 | INFO     | __main__:extract_combined_features:103 - Processed 10000 tokens...
2025-11-25 20:34:01.142 | INFO     | __main__:extract_combined_features:103 - Processed 20000 tokens...
2025-11-25 20:34:01.270 | INFO     | __main__:extract_combined_features:103 - Processed 30000 tokens...
2025-11-25 20:34:01.401 | INFO     | __main__:extract_combined_features:103 - Processed 40000 tokens...
2025-11-25 20:34:01.533 | INFO     | __main__:extract_combined_features:103 - Processed 50000 tokens...
2025-11-25 20:34:01.658 | INFO     | __main__:extract_combined_features:103 - Processed 60000 tokens...
2025-11-25 20:34:01.780 | INFO     | __main__:extract_combined_features:103 - Processed 70000 tokens...
2025-11-25 20:34:01.905 | INFO     | __main__:extract_combined_features:103 - Processed 80000 tokens...
2025-11-25 20:34:02.028 | INFO     | __main__:extract_combined_features:103 - Processed 90000 tokens...
2025-11-25 20:34:02.154 | INFO     | __main__:extract_combined_features:103 - Processed 100000 tokens...
2025-11-25 20:34:02.285 | INFO     | __main__:extract_combined_features:103 - Processed 110000 tokens...
2025-11-25 20:34:02.405 | INFO     | __main__:extract_combined_features:103 - Processed 120000 tokens...
2025-11-25 20:34:02.537 | INFO     | __main__:extract_combined_features:103 - Processed 130000 tokens...
2025-11-25 20:34:02.666 | INFO     | __main__:extract_combined_features:103 - Processed 140000 tokens...
2025-11-25 20:34:02.789 | INFO     | __main__:extract_combined_features:103 - Processed 150000 tokens...
2025-11-25 20:34:02.920 | INFO     | __main__:extract_combined_features:103 - Processed 160000 tokens...
2025-11-25 20:34:03.051 | INFO     | __main__:extract_combined_features:103 - Processed 170000 tokens...
2025-11-25 20:34:03.177 | INFO     | __main__:extract_combined_features:103 - Processed 180000 tokens...
2025-11-25 20:34:03.308 | INFO     | __main__:extract_combined_features:103 - Processed 190000 tokens...
2025-11-25 20:34:03.437 | INFO     | __main__:extract_combined_features:103 - Processed 200000 tokens...
2025-11-25 20:34:03.482 | INFO     | __main__:extract_combined_features:108 - Vectorizing traditional features...
2025-11-25 20:34:04.392 | INFO     | __main__:extract_combined_features:124 - Feature extraction completed. Feature matrix shape: (203621, 48)
2025-11-25 20:34:04.429 | INFO     | __main__:run_feature_ablation_experiment:239 - Extracting development features...
2025-11-25 20:34:04.429 | INFO     | __main__:extract_combined_features:42 - Starting feature extraction from ./data/conll2003/conll2003.dev.conll
2025-11-25 20:34:04.429 | INFO     | __main__:extract_combined_features:43 - Active features: {'embeddings': False, 'token': False, 'pos': True, 'case': True, 'digits': True, 'position': False, 'prev_pos': False}
2025-11-25 20:34:04.429 | INFO     | __main__:extract_combined_features:64 - Reading and processing file...
2025-11-25 20:34:04.550 | INFO     | __main__:extract_combined_features:103 - Processed 10000 tokens...
2025-11-25 20:34:04.682 | INFO     | __main__:extract_combined_features:103 - Processed 20000 tokens...
2025-11-25 20:34:04.811 | INFO     | __main__:extract_combined_features:103 - Processed 30000 tokens...
2025-11-25 20:34:04.930 | INFO     | __main__:extract_combined_features:103 - Processed 40000 tokens...
2025-11-25 20:34:05.059 | INFO     | __main__:extract_combined_features:103 - Processed 50000 tokens...
2025-11-25 20:34:05.076 | INFO     | __main__:extract_combined_features:108 - Vectorizing traditional features...
2025-11-25 20:34:05.297 | INFO     | __main__:extract_combined_features:124 - Feature extraction completed. Feature matrix shape: (51362, 48)
2025-11-25 20:34:05.308 | INFO     | __main__:run_feature_ablation_experiment:251 - Training SVM model...
2025-11-25 20:34:12.986 | INFO     | __main__:run_feature_ablation_experiment:256 - Making predictions...
2025-11-25 20:34:12.990 | INFO     | __main__:run_feature_ablation_experiment:260 - Evaluating only_morphological combination...
2025-11-25 20:34:13.161 | INFO     | __main__:run_feature_ablation_experiment:266 - Generating confusion matrix for only_morphological...
2025-11-25 20:34:13.465 | SUCCESS  | __main__:run_feature_ablation_experiment:284 - Completed evaluation for only_morphological
2025-11-25 20:34:13.465 | INFO     | __main__:run_feature_ablation_experiment:307 - Detailed results saved to: code/assignment3/results/ablation_results_20251125_195812.txt
2025-11-25 20:34:13.468 | SUCCESS  | __main__:main:331 - Feature ablation analysis completed. Results saved to code/assignment3/results/ablation_results_20251125_195812.txt
