2025-11-27 18:07:36.971 | INFO     | __main__:main:298 - Starting feature ablation analysis
2025-11-27 18:07:36.971 | INFO     | __main__:main:307 - Loading word embedding model...
2025-11-27 18:08:31.996 | SUCCESS  | __main__:main:309 - Word embedding model loaded successfully
2025-11-27 18:08:31.997 | INFO     | __main__:run_feature_ablation_experiment:131 - Starting feature ablation experiments
2025-11-27 18:08:31.997 | INFO     | __main__:run_feature_ablation_experiment:209 - 
Testing feature combination: embeddings_token_prev_pos_case
2025-11-27 18:08:31.997 | INFO     | __main__:run_feature_ablation_experiment:219 - Extracting training features...
2025-11-27 18:08:31.997 | INFO     | __main__:extract_combined_features:42 - Starting feature extraction from ./data/conll2003/conll2003.train.conll
2025-11-27 18:08:31.998 | INFO     | __main__:extract_combined_features:43 - Active features: {'embeddings': True, 'token': True, 'pos': False, 'case': True, 'digits': False, 'position': False, 'prev_pos': True}
2025-11-27 18:08:31.998 | INFO     | __main__:extract_combined_features:64 - Reading and processing file...
2025-11-27 18:08:32.101 | INFO     | __main__:extract_combined_features:103 - Processed 10000 tokens...
2025-11-27 18:08:32.171 | INFO     | __main__:extract_combined_features:103 - Processed 20000 tokens...
2025-11-27 18:08:32.233 | INFO     | __main__:extract_combined_features:103 - Processed 30000 tokens...
2025-11-27 18:08:32.300 | INFO     | __main__:extract_combined_features:103 - Processed 40000 tokens...
2025-11-27 18:08:32.363 | INFO     | __main__:extract_combined_features:103 - Processed 50000 tokens...
2025-11-27 18:08:32.428 | INFO     | __main__:extract_combined_features:103 - Processed 60000 tokens...
2025-11-27 18:08:32.494 | INFO     | __main__:extract_combined_features:103 - Processed 70000 tokens...
2025-11-27 18:08:32.562 | INFO     | __main__:extract_combined_features:103 - Processed 80000 tokens...
2025-11-27 18:08:32.626 | INFO     | __main__:extract_combined_features:103 - Processed 90000 tokens...
2025-11-27 18:08:32.688 | INFO     | __main__:extract_combined_features:103 - Processed 100000 tokens...
2025-11-27 18:08:32.748 | INFO     | __main__:extract_combined_features:103 - Processed 110000 tokens...
2025-11-27 18:08:32.823 | INFO     | __main__:extract_combined_features:103 - Processed 120000 tokens...
2025-11-27 18:08:32.887 | INFO     | __main__:extract_combined_features:103 - Processed 130000 tokens...
2025-11-27 18:08:33.074 | INFO     | __main__:extract_combined_features:103 - Processed 140000 tokens...
2025-11-27 18:08:33.136 | INFO     | __main__:extract_combined_features:103 - Processed 150000 tokens...
2025-11-27 18:08:33.201 | INFO     | __main__:extract_combined_features:103 - Processed 160000 tokens...
2025-11-27 18:08:33.263 | INFO     | __main__:extract_combined_features:103 - Processed 170000 tokens...
2025-11-27 18:08:33.326 | INFO     | __main__:extract_combined_features:103 - Processed 180000 tokens...
2025-11-27 18:08:33.387 | INFO     | __main__:extract_combined_features:103 - Processed 190000 tokens...
2025-11-27 18:08:33.450 | INFO     | __main__:extract_combined_features:103 - Processed 200000 tokens...
2025-11-27 18:08:33.473 | INFO     | __main__:extract_combined_features:108 - Vectorizing traditional features...
2025-11-27 18:08:34.296 | INFO     | __main__:extract_combined_features:117 - Combining traditional features with word embeddings...
2025-11-27 18:08:39.911 | INFO     | __main__:extract_combined_features:124 - Feature extraction completed. Feature matrix shape: (203621, 23971)
2025-11-27 18:08:39.988 | INFO     | __main__:run_feature_ablation_experiment:226 - Extracting development features...
2025-11-27 18:08:39.988 | INFO     | __main__:extract_combined_features:42 - Starting feature extraction from ./data/conll2003/conll2003.dev.conll
2025-11-27 18:08:39.988 | INFO     | __main__:extract_combined_features:43 - Active features: {'embeddings': True, 'token': True, 'pos': False, 'case': True, 'digits': False, 'position': False, 'prev_pos': True}
2025-11-27 18:08:39.988 | INFO     | __main__:extract_combined_features:64 - Reading and processing file...
2025-11-27 18:08:40.085 | INFO     | __main__:extract_combined_features:103 - Processed 10000 tokens...
2025-11-27 18:08:40.173 | INFO     | __main__:extract_combined_features:103 - Processed 20000 tokens...
2025-11-27 18:08:40.264 | INFO     | __main__:extract_combined_features:103 - Processed 30000 tokens...
2025-11-27 18:08:40.343 | INFO     | __main__:extract_combined_features:103 - Processed 40000 tokens...
2025-11-27 18:08:40.411 | INFO     | __main__:extract_combined_features:103 - Processed 50000 tokens...
2025-11-27 18:08:40.419 | INFO     | __main__:extract_combined_features:108 - Vectorizing traditional features...
2025-11-27 18:08:40.654 | INFO     | __main__:extract_combined_features:117 - Combining traditional features with word embeddings...
2025-11-27 18:08:42.004 | INFO     | __main__:extract_combined_features:124 - Feature extraction completed. Feature matrix shape: (51362, 23971)
2025-11-27 18:08:42.016 | INFO     | __main__:run_feature_ablation_experiment:238 - Training SVM model...
2025-11-27 18:19:56.321 | INFO     | __main__:run_feature_ablation_experiment:243 - Making predictions...
2025-11-27 18:19:56.384 | INFO     | __main__:run_feature_ablation_experiment:247 - Evaluating embeddings_token_prev_pos_case combination...
2025-11-27 18:19:56.573 | INFO     | __main__:run_feature_ablation_experiment:253 - Generating confusion matrix for embeddings_token_prev_pos_case...
2025-11-27 18:19:57.410 | SUCCESS  | __main__:run_feature_ablation_experiment:271 - Completed evaluation for embeddings_token_prev_pos_case
2025-11-27 18:19:57.410 | INFO     | __main__:run_feature_ablation_experiment:209 - 
Testing feature combination: embeddings_token_prev_pos_digits
2025-11-27 18:19:57.410 | INFO     | __main__:run_feature_ablation_experiment:219 - Extracting training features...
2025-11-27 18:19:57.410 | INFO     | __main__:extract_combined_features:42 - Starting feature extraction from ./data/conll2003/conll2003.train.conll
2025-11-27 18:19:57.410 | INFO     | __main__:extract_combined_features:43 - Active features: {'embeddings': True, 'token': True, 'pos': False, 'case': False, 'digits': True, 'position': False, 'prev_pos': True}
2025-11-27 18:19:57.411 | INFO     | __main__:extract_combined_features:64 - Reading and processing file...
2025-11-27 18:19:57.581 | INFO     | __main__:extract_combined_features:103 - Processed 10000 tokens...
2025-11-27 18:19:57.749 | INFO     | __main__:extract_combined_features:103 - Processed 20000 tokens...
2025-11-27 18:19:58.014 | INFO     | __main__:extract_combined_features:103 - Processed 30000 tokens...
2025-11-27 18:19:58.185 | INFO     | __main__:extract_combined_features:103 - Processed 40000 tokens...
2025-11-27 18:19:58.355 | INFO     | __main__:extract_combined_features:103 - Processed 50000 tokens...
2025-11-27 18:19:58.521 | INFO     | __main__:extract_combined_features:103 - Processed 60000 tokens...
2025-11-27 18:19:58.684 | INFO     | __main__:extract_combined_features:103 - Processed 70000 tokens...
2025-11-27 18:19:58.854 | INFO     | __main__:extract_combined_features:103 - Processed 80000 tokens...
2025-11-27 18:19:59.020 | INFO     | __main__:extract_combined_features:103 - Processed 90000 tokens...
2025-11-27 18:19:59.192 | INFO     | __main__:extract_combined_features:103 - Processed 100000 tokens...
2025-11-27 18:19:59.370 | INFO     | __main__:extract_combined_features:103 - Processed 110000 tokens...
2025-11-27 18:19:59.533 | INFO     | __main__:extract_combined_features:103 - Processed 120000 tokens...
2025-11-27 18:19:59.705 | INFO     | __main__:extract_combined_features:103 - Processed 130000 tokens...
2025-11-27 18:19:59.877 | INFO     | __main__:extract_combined_features:103 - Processed 140000 tokens...
2025-11-27 18:20:00.041 | INFO     | __main__:extract_combined_features:103 - Processed 150000 tokens...
2025-11-27 18:20:00.214 | INFO     | __main__:extract_combined_features:103 - Processed 160000 tokens...
2025-11-27 18:20:00.387 | INFO     | __main__:extract_combined_features:103 - Processed 170000 tokens...
2025-11-27 18:20:00.557 | INFO     | __main__:extract_combined_features:103 - Processed 180000 tokens...
2025-11-27 18:20:00.729 | INFO     | __main__:extract_combined_features:103 - Processed 190000 tokens...
2025-11-27 18:20:01.052 | INFO     | __main__:extract_combined_features:103 - Processed 200000 tokens...
2025-11-27 18:20:01.112 | INFO     | __main__:extract_combined_features:108 - Vectorizing traditional features...
2025-11-27 18:20:02.035 | INFO     | __main__:extract_combined_features:117 - Combining traditional features with word embeddings...
